Archive member included to satisfy reference by file (symbol)

/Applications/ARM/bin/../lib/gcc/arm-none-eabi/10.2.1/thumb/v7e-m+fp/hard/libgcc.a(_arm_muldf3.o)
                              build/third_party/printf/printf.o (__aeabi_dmul)
/Applications/ARM/bin/../lib/gcc/arm-none-eabi/10.2.1/thumb/v7e-m+fp/hard/libgcc.a(_arm_addsubdf3.o)
                              build/third_party/printf/printf.o (__aeabi_dsub)
/Applications/ARM/bin/../lib/gcc/arm-none-eabi/10.2.1/thumb/v7e-m+fp/hard/libgcc.a(_arm_muldivdf3.o)
                              build/third_party/printf/printf.o (__aeabi_ddiv)
/Applications/ARM/bin/../lib/gcc/arm-none-eabi/10.2.1/thumb/v7e-m+fp/hard/libgcc.a(_arm_cmpdf2.o)
                              build/third_party/printf/printf.o (__aeabi_dcmpeq)
/Applications/ARM/bin/../lib/gcc/arm-none-eabi/10.2.1/thumb/v7e-m+fp/hard/libgcc.a(_arm_fixdfsi.o)
                              build/third_party/printf/printf.o (__aeabi_d2iz)
/Applications/ARM/bin/../lib/gcc/arm-none-eabi/10.2.1/thumb/v7e-m+fp/hard/libgcc.a(_arm_fixunsdfsi.o)
                              build/third_party/printf/printf.o (__aeabi_d2uiz)
/Applications/ARM/bin/../lib/gcc/arm-none-eabi/10.2.1/thumb/v7e-m+fp/hard/libgcc.a(_aeabi_uldivmod.o)
                              build/third_party/printf/printf.o (__aeabi_uldivmod)
/Applications/ARM/bin/../lib/gcc/arm-none-eabi/10.2.1/thumb/v7e-m+fp/hard/libgcc.a(_udivmoddi4.o)
                              /Applications/ARM/bin/../lib/gcc/arm-none-eabi/10.2.1/thumb/v7e-m+fp/hard/libgcc.a(_aeabi_uldivmod.o) (__udivmoddi4)
/Applications/ARM/bin/../lib/gcc/arm-none-eabi/10.2.1/thumb/v7e-m+fp/hard/libgcc.a(_dvmd_tls.o)
                              /Applications/ARM/bin/../lib/gcc/arm-none-eabi/10.2.1/thumb/v7e-m+fp/hard/libgcc.a(_aeabi_uldivmod.o) (__aeabi_ldiv0)
/Applications/ARM/bin/../lib/gcc/arm-none-eabi/10.2.1/../../../../arm-none-eabi/lib/thumb/v7e-m+fp/hard/libc_nano.a(lib_a-exit.o)
                              /Applications/ARM/bin/../lib/gcc/arm-none-eabi/10.2.1/../../../../arm-none-eabi/lib/thumb/v7e-m+fp/hard/crt0.o (exit)
/Applications/ARM/bin/../lib/gcc/arm-none-eabi/10.2.1/../../../../arm-none-eabi/lib/thumb/v7e-m+fp/hard/libc_nano.a(lib_a-impure.o)
                              /Applications/ARM/bin/../lib/gcc/arm-none-eabi/10.2.1/../../../../arm-none-eabi/lib/thumb/v7e-m+fp/hard/libc_nano.a(lib_a-exit.o) (_global_impure_ptr)
/Applications/ARM/bin/../lib/gcc/arm-none-eabi/10.2.1/../../../../arm-none-eabi/lib/thumb/v7e-m+fp/hard/libc_nano.a(lib_a-init.o)
                              /Applications/ARM/bin/../lib/gcc/arm-none-eabi/10.2.1/../../../../arm-none-eabi/lib/thumb/v7e-m+fp/hard/crt0.o (__libc_init_array)
/Applications/ARM/bin/../lib/gcc/arm-none-eabi/10.2.1/../../../../arm-none-eabi/lib/thumb/v7e-m+fp/hard/libc_nano.a(lib_a-memcpy-stub.o)
                              build/third_party/libwinter/wntr_deque.o (memcpy)
/Applications/ARM/bin/../lib/gcc/arm-none-eabi/10.2.1/../../../../arm-none-eabi/lib/thumb/v7e-m+fp/hard/libc_nano.a(lib_a-memset.o)
                              /Applications/ARM/bin/../lib/gcc/arm-none-eabi/10.2.1/../../../../arm-none-eabi/lib/thumb/v7e-m+fp/hard/crt0.o (memset)
/Applications/ARM/bin/../lib/gcc/arm-none-eabi/10.2.1/../../../../arm-none-eabi/lib/thumb/v7e-m+fp/hard/libc_nano.a(lib_a-strlen.o)
                              build/src/stel_usb_descriptors.o (strlen)

Discarded input sections

 .text          0x0000000000000000        0x0 /Applications/ARM/bin/../lib/gcc/arm-none-eabi/10.2.1/thumb/v7e-m+fp/hard/crti.o
 .data          0x0000000000000000        0x0 /Applications/ARM/bin/../lib/gcc/arm-none-eabi/10.2.1/thumb/v7e-m+fp/hard/crti.o
 .bss           0x0000000000000000        0x0 /Applications/ARM/bin/../lib/gcc/arm-none-eabi/10.2.1/thumb/v7e-m+fp/hard/crti.o
 .data          0x0000000000000000        0x4 /Applications/ARM/bin/../lib/gcc/arm-none-eabi/10.2.1/thumb/v7e-m+fp/hard/crtbegin.o
 .rodata        0x0000000000000000       0x24 /Applications/ARM/bin/../lib/gcc/arm-none-eabi/10.2.1/thumb/v7e-m+fp/hard/crtbegin.o
 .text          0x0000000000000000       0x7c /Applications/ARM/bin/../lib/gcc/arm-none-eabi/10.2.1/../../../../arm-none-eabi/lib/thumb/v7e-m+fp/hard/crt0.o
 .data          0x0000000000000000        0x0 /Applications/ARM/bin/../lib/gcc/arm-none-eabi/10.2.1/../../../../arm-none-eabi/lib/thumb/v7e-m+fp/hard/crt0.o
 .bss           0x0000000000000000        0x0 /Applications/ARM/bin/../lib/gcc/arm-none-eabi/10.2.1/../../../../arm-none-eabi/lib/thumb/v7e-m+fp/hard/crt0.o
 .ARM.extab     0x0000000000000000        0x0 /Applications/ARM/bin/../lib/gcc/arm-none-eabi/10.2.1/../../../../arm-none-eabi/lib/thumb/v7e-m+fp/hard/crt0.o
 .ARM.exidx     0x0000000000000000       0x10 /Applications/ARM/bin/../lib/gcc/arm-none-eabi/10.2.1/../../../../arm-none-eabi/lib/thumb/v7e-m+fp/hard/crt0.o
 .ARM.attributes
[...]
Memory Configuration

Name             Origin             Length             Attributes
rom              0x0000000000000000 0x0000000000100000 xr
ram              0x0000000020000000 0x0000000000040000 xrw
bkupram          0x0000000047000000 0x0000000000002000 xrw
qspi             0x0000000004000000 0x0000000001000000 xrw
*default*        0x0000000000000000 0xffffffffffffffff

Linker script and memory map

LOAD /Applications/ARM/bin/../lib/gcc/arm-none-eabi/10.2.1/thumb/v7e-m+fp/hard/crti.o
LOAD /Applications/ARM/bin/../lib/gcc/arm-none-eabi/10.2.1/thumb/v7e-m+fp/hard/crtbegin.o
LOAD /Applications/ARM/bin/../lib/gcc/arm-none-eabi/10.2.1/../../../../arm-none-eabi/lib/thumb/v7e-m+fp/hard/crt0.o
                0x0000000000010000                STACK_SIZE = DEFINED (STACK_SIZE)?STACK_SIZE:DEFINED (__stack_size__)?__stack_size__:0x10000

.text           0x0000000000000000     0x556c
                0x0000000000000000                . = ALIGN (0x4)
                0x0000000000000000                _sfixed = .
 *(.vectors .vectors.*)
 .vectors       0x0000000000000000      0x264 build/third_party/samd51a/gcc/startup_samd51.o
                0x0000000000000000                exception_table
 *(.text .text.* .gnu.linkonce.t.*)
 .text          0x0000000000000264       0x40 /Applications/ARM/bin/../lib/gcc/arm-none-eabi/10.2.1/thumb/v7e-m+fp/hard/crtbegin.o
 .text.init     0x00000000000002a4       0x44 build/src/main.o
 .text.loop     0x00000000000002e8      0x1f4 build/src/main.o
 .text.main     0x00000000000004dc       0x1c build/src/main.o
                0x00000000000004dc                main
 .text.tud_descriptor_device_cb
                0x00000000000004f8        0x8 build/src/stel_usb_descriptors.o
                0x00000000000004f8                tud_descriptor_device_cb
 .text.tud_descriptor_configuration_cb
                0x0000000000000500        0x8 build/src/stel_usb_descriptors.o
                0x0000000000000500                tud_descriptor_configuration_cb
 .text.tud_descriptor_string_cb
                0x0000000000000508       0xc0 build/src/stel_usb_descriptors.o
                0x0000000000000508                tud_descriptor_string_cb
 .text.adc_inst_configure
                0x00000000000005c8       0x6c build/src/drivers/stel_adc.o
 .text.stel_adc_init
                0x0000000000000634       0x6c build/src/drivers/stel_adc.o
                0x0000000000000634                stel_adc_init
 .text.stel_adc_init_input
                0x00000000000006a0       0x1a build/src/drivers/stel_adc.o
                0x00000000000006a0                stel_adc_init_input
 .text.stel_adc_read_sync
                0x00000000000006ba       0x64 build/src/drivers/stel_adc.o
                0x00000000000006ba                stel_adc_read_sync
 *fill*         0x000000000000071e        0x2 
 .text.stel_dac_init
                0x0000000000000720       0x98 build/src/drivers/stel_dac.o
                0x0000000000000720                stel_dac_init
 .text.stel_dac_set
                0x00000000000007b8       0x2c build/src/drivers/stel_dac.o
                0x00000000000007b8                stel_dac_set
 .text.stel_dotstar_init
                0x00000000000007e4       0x1c build/src/drivers/stel_dotstar.o
                0x00000000000007e4                stel_dotstar_init
 .text.stel_dotstar_set
                0x0000000000000800       0x38 build/src/drivers/stel_dotstar.o
                0x0000000000000800                stel_dotstar_set
 .text.stel_dotstar_set32
                0x0000000000000838       0x12 build/src/drivers/stel_dotstar.o
                0x0000000000000838                stel_dotstar_set32
 *fill*         0x000000000000084a        0x2 
 .text.stel_dotstar_update
                0x000000000000084c       0x64 build/src/drivers/stel_dotstar.o
                0x000000000000084c                stel_dotstar_update
 .text.stel_ad5685_init
                0x00000000000008b0       0x10 build/src/drivers/stel_ad5685.o
                0x00000000000008b0                stel_ad5685_init
 .text.stel_ad5685_soft_reset
                0x00000000000008c0       0x54 build/src/drivers/stel_ad5685.o
                0x00000000000008c0                stel_ad5685_soft_reset
 .text.stel_ad5685_write_channel
                0x0000000000000914       0x6c build/src/drivers/stel_ad5685.o
                0x0000000000000914                stel_ad5685_write_channel
 .text.stel_sercom_spi_init
                0x0000000000000980      0x138 build/src/hw/stel_sercom_spi.o
                0x0000000000000980                stel_sercom_spi_init
 .text.stel_sercom_spi_write
                0x0000000000000ab8       0x32 build/src/hw/stel_sercom_spi.o
                0x0000000000000ab8                stel_sercom_spi_write
 *fill*         0x0000000000000aea        0x2 
 .text.init_xosc32k
                0x0000000000000aec       0x30 build/src/hw/stel_clocks.o
 .text.init_dfll48m_closed_loop
                0x0000000000000b1c       0x84 build/src/hw/stel_clocks.o
 .text.init_dfll48m_gclks
                0x0000000000000ba0       0x40 build/src/hw/stel_clocks.o
 .text.init_dpll0
                0x0000000000000be0       0x3c build/src/hw/stel_clocks.o
 .text.stel_clocks_init
                0x0000000000000c1c       0x78 build/src/hw/stel_clocks.o
                0x0000000000000c1c                stel_clocks_init
 .text.stel_usb_init
                0x0000000000000c94       0x74 build/src/hw/stel_usb.o
                0x0000000000000c94                stel_usb_init
 .text.stel_usb_task
                0x0000000000000d08        0x8 build/src/hw/stel_usb.o
                0x0000000000000d08                stel_usb_task
 .text.USB_0_Handler
                0x0000000000000d10        0xa build/src/hw/stel_usb.o
                0x0000000000000d10                USB_0_Handler
 .text.USB_1_Handler
                0x0000000000000d1a        0xa build/src/hw/stel_usb.o
                0x0000000000000d1a                USB_1_Handler
 .text.USB_2_Handler
                0x0000000000000d24        0xa build/src/hw/stel_usb.o
                0x0000000000000d24                USB_2_Handler
 .text.USB_3_Handler
                0x0000000000000d2e        0xa build/src/hw/stel_usb.o
                0x0000000000000d2e                USB_3_Handler
 .text.stel_sercom_clock_init
                0x0000000000000d38       0xbc build/src/hw/stel_sercom.o
                0x0000000000000d38                stel_sercom_clock_init
 .text._putchar
                0x0000000000000df4        0xc build/src/lib/stel_syscalls.o
                0x0000000000000df4                _putchar
 .text.CurrentsFlow_step_nodes
                0x0000000000000e00       0x38 build/src/currents/currents.o
 .text.CurrentsFlow_init
                0x0000000000000e38       0x16 build/src/currents/currents.o
                0x0000000000000e38                CurrentsFlow_init
 .text.CurrentsFlow_send
                0x0000000000000e4e       0x32 build/src/currents/currents.o
                0x0000000000000e4e                CurrentsFlow_send
 .text.CurrentsFlow_start
                0x0000000000000e80       0x38 build/src/currents/currents.o
                0x0000000000000e80                CurrentsFlow_start
 .text.CurrentsFlow_step
                0x0000000000000eb8       0x5c build/src/currents/currents.o
                0x0000000000000eb8                CurrentsFlow_step
 .text.generated_flow_init
                0x0000000000000f14      0x298 build/src/flow/generated_flow.o
                0x0000000000000f14                generated_flow_init
 .text.flow_runner_init
                0x00000000000011ac       0x6c build/src/flow/flow_runner.o
                0x00000000000011ac                flow_runner_init
 .text.flow_runner_step
                0x0000000000001218       0x18 build/src/flow/flow_runner.o
                0x0000000000001218                flow_runner_step
 .text.note_to_v_oct
                0x0000000000001230       0x28 build/src/flow/flow_nodes.o
 .text.input_a_fn
                0x0000000000001258       0x14 build/src/flow/flow_nodes.o
                0x0000000000001258                input_a_fn
 .text.input_b_fn
                0x000000000000126c       0x14 build/src/flow/flow_nodes.o
                0x000000000000126c                input_b_fn
 .text.output_one_fn
                0x0000000000001280        0xc build/src/flow/flow_nodes.o
                0x0000000000001280                output_one_fn
 .text.output_two_fn
                0x000000000000128c        0xc build/src/flow/flow_nodes.o
                0x000000000000128c                output_two_fn
 .text.output_three_fn
                0x0000000000001298        0xc build/src/flow/flow_nodes.o
                0x0000000000001298                output_three_fn
 .text.output_four_fn
                0x00000000000012a4        0xc build/src/flow/flow_nodes.o
                0x00000000000012a4                output_four_fn
 .text.output_delta_fn
                0x00000000000012b0        0xc build/src/flow/flow_nodes.o
                0x00000000000012b0                output_delta_fn
 .text.multiply_fn
                0x00000000000012bc       0x2c build/src/flow/flow_nodes.o
                0x00000000000012bc                multiply_fn
 .text.midi_in_fn
                0x00000000000012e8       0x18 build/src/flow/flow_nodes.o
                0x00000000000012e8                midi_in_fn
 .text.midi_to_cv_fn
                0x0000000000001300       0x60 build/src/flow/flow_nodes.o
                0x0000000000001300                midi_to_cv_fn
 .text.midi_to_gate_fn
                0x0000000000001360       0x50 build/src/flow/flow_nodes.o
                0x0000000000001360                midi_to_gate_fn
 .text.midi_cc_fn
                0x00000000000013b0       0x48 build/src/flow/flow_nodes.o
                0x00000000000013b0                midi_cc_fn
 .text.is_valid_pin_
                0x00000000000013f8       0x20 build/third_party/libwinter/wntr_bitbang_spi.o
 .text.wntr_bitbang_spi_init
                0x0000000000001418       0x84 build/third_party/libwinter/wntr_bitbang_spi.o
                0x0000000000001418                wntr_bitbang_spi_init
 .text.wntr_bitbang_spi_transfer
                0x000000000000149c      0x112 build/third_party/libwinter/wntr_bitbang_spi.o
                0x000000000000149c                wntr_bitbang_spi_transfer
 .text.wntr_bitbang_spi_write
                0x00000000000015ae        0xc build/third_party/libwinter/wntr_bitbang_spi.o
                0x00000000000015ae                wntr_bitbang_spi_write
 .text.wntr_colorspace_hsv_to_rgb
                0x00000000000015ba       0xda build/third_party/libwinter/wntr_colorspace.o
                0x00000000000015ba                wntr_colorspace_hsv_to_rgb
 .text.WntrDeque_init
                0x0000000000001694        0xa build/third_party/libwinter/wntr_deque.o
                0x0000000000001694                WntrDeque_init
 .text.WntrDeque_push
                0x000000000000169e       0x4c build/third_party/libwinter/wntr_deque.o
                0x000000000000169e                WntrDeque_push
 .text.WntrDeque_pop
                0x00000000000016ea       0x2e build/third_party/libwinter/wntr_deque.o
                0x00000000000016ea                WntrDeque_pop
 .text.midi_read
                0x0000000000001718       0x3c build/third_party/libwinter/wntr_midi_core.o
 .text.consume_sysex
                0x0000000000001754       0x94 build/third_party/libwinter/wntr_midi_core.o
 .text.wntr_midi_receive
                0x00000000000017e8       0x34 build/third_party/libwinter/wntr_midi_core.o
                0x00000000000017e8                wntr_midi_receive
 .text.wntr_ticks_init
                0x000000000000181c       0x38 build/third_party/libwinter/wntr_ticks.o
                0x000000000000181c                wntr_ticks_init
 .text.SysTick_Handler
                0x0000000000001854       0x10 build/third_party/libwinter/wntr_ticks.o
                0x0000000000001854                SysTick_Handler
 .text.wntr_gpio_set_as_output
                0x0000000000001864       0x12 build/third_party/libwinter/samd/wntr_gpio.o
                0x0000000000001864                wntr_gpio_set_as_output
 .text.wntr_gpio_set_as_input
                0x0000000000001876       0x42 build/third_party/libwinter/samd/wntr_gpio.o
                0x0000000000001876                wntr_gpio_set_as_input
 .text.wntr_gpio_set
                0x00000000000018b8       0x2a build/third_party/libwinter/samd/wntr_gpio.o
                0x00000000000018b8                wntr_gpio_set
 .text.wntr_gpio_get
                0x00000000000018e2       0x1a build/third_party/libwinter/samd/wntr_gpio.o
                0x00000000000018e2                wntr_gpio_get
 .text.wntr_gpio_configure_alt
                0x00000000000018fc       0x56 build/third_party/libwinter/samd/wntr_gpio.o
                0x00000000000018fc                wntr_gpio_configure_alt
 .text.wntr_delay_us
                0x0000000000001952       0x12 build/third_party/libwinter/samd/wntr_delay.o
                0x0000000000001952                wntr_delay_us
 .text.wntr_delay_ms
                0x0000000000001964       0x10 build/third_party/libwinter/samd/wntr_delay.o
                0x0000000000001964                wntr_delay_ms
 .text.wntr_serial_number
                0x0000000000001974       0x58 build/third_party/libwinter/samd/wntr_serial_number.o
                0x0000000000001974                wntr_serial_number
 .text.HardFault_Handler
                0x00000000000019cc       0x38 build/third_party/libwinter/samd/wntr_hardfault.o
                0x00000000000019cc                HardFault_Handler
 .text.Dummy_Handler
                0x0000000000001a04        0x2 build/third_party/samd51a/gcc/startup_samd51.o
                0x0000000000001a04                ICM_Handler
                0x0000000000001a04                SVCall_Handler
                0x0000000000001a04                SERCOM0_2_Handler
                0x0000000000001a04                EIC_13_Handler
                0x0000000000001a04                EVSYS_0_Handler
                0x0000000000001a04                TCC1_3_Handler
                0x0000000000001a04                DAC_3_Handler
                0x0000000000001a04                TRNG_Handler
                0x0000000000001a04                TC2_Handler
                0x0000000000001a04                PDEC_2_Handler
                0x0000000000001a04                EIC_4_Handler
                0x0000000000001a04                AC_Handler
                0x0000000000001a04                SERCOM3_1_Handler
                0x0000000000001a04                TCC2_3_Handler
                0x0000000000001a04                SERCOM3_2_Handler
                0x0000000000001a04                PendSV_Handler
                0x0000000000001a04                ADC1_1_Handler
                0x0000000000001a04                EVSYS_3_Handler
                0x0000000000001a04                PDEC_0_Handler
                0x0000000000001a04                QSPI_Handler
                0x0000000000001a04                NonMaskableInt_Handler
                0x0000000000001a04                TCC0_0_Handler
                0x0000000000001a04                EIC_3_Handler
                0x0000000000001a04                MemManagement_Handler
                0x0000000000001a04                DAC_2_Handler
                0x0000000000001a04                SERCOM0_0_Handler
                0x0000000000001a04                RTC_Handler
                0x0000000000001a04                UsageFault_Handler
                0x0000000000001a04                SERCOM4_0_Handler
                0x0000000000001a04                EIC_10_Handler
                0x0000000000001a04                SERCOM0_3_Handler
                0x0000000000001a04                EIC_11_Handler
                0x0000000000001a04                EIC_9_Handler
                0x0000000000001a04                OSC32KCTRL_Handler
                0x0000000000001a04                TCC2_1_Handler
                0x0000000000001a04                SUPC_1_Handler
                0x0000000000001a04                TCC0_5_Handler
                0x0000000000001a04                TCC0_6_Handler
                0x0000000000001a04                EVSYS_1_Handler
                0x0000000000001a04                TCC1_4_Handler
                0x0000000000001a04                DMAC_0_Handler
                0x0000000000001a04                WDT_Handler
                0x0000000000001a04                EIC_8_Handler
                0x0000000000001a04                EIC_15_Handler
                0x0000000000001a04                SERCOM5_0_Handler
                0x0000000000001a04                TC4_Handler
                0x0000000000001a04                TC1_Handler
                0x0000000000001a04                OSCCTRL_4_Handler
                0x0000000000001a04                SERCOM4_3_Handler
                0x0000000000001a04                EIC_12_Handler
                0x0000000000001a04                DMAC_4_Handler
                0x0000000000001a04                TCC4_2_Handler
                0x0000000000001a04                PAC_Handler
                0x0000000000001a04                TCC1_0_Handler
                0x0000000000001a04                OSCCTRL_0_Handler
                0x0000000000001a04                EIC_0_Handler
                0x0000000000001a04                OSCCTRL_3_Handler
                0x0000000000001a04                SERCOM4_1_Handler
                0x0000000000001a04                TC3_Handler
                0x0000000000001a04                Dummy_Handler
                0x0000000000001a04                TCC3_0_Handler
                0x0000000000001a04                TCC2_2_Handler
                0x0000000000001a04                SERCOM5_1_Handler
                0x0000000000001a04                TCC1_1_Handler
                0x0000000000001a04                DMAC_2_Handler
                0x0000000000001a04                ADC0_0_Handler
                0x0000000000001a04                SERCOM0_1_Handler
                0x0000000000001a04                OSCCTRL_2_Handler
                0x0000000000001a04                ADC1_0_Handler
                0x0000000000001a04                TCC1_2_Handler
                0x0000000000001a04                PM_Handler
                0x0000000000001a04                SERCOM2_3_Handler
                0x0000000000001a04                DAC_4_Handler
                0x0000000000001a04                TCC3_2_Handler
                0x0000000000001a04                TCC0_2_Handler
                0x0000000000001a04                DMAC_1_Handler
                0x0000000000001a04                TCC4_0_Handler
                0x0000000000001a04                TCC2_0_Handler
                0x0000000000001a04                PDEC_1_Handler
                0x0000000000001a04                TCC4_1_Handler
                0x0000000000001a04                SERCOM5_3_Handler
                0x0000000000001a04                SDHC0_Handler
                0x0000000000001a04                SERCOM1_1_Handler
                0x0000000000001a04                I2S_Handler
                0x0000000000001a04                EIC_2_Handler
                0x0000000000001a04                PCC_Handler
                0x0000000000001a04                DAC_0_Handler
                0x0000000000001a04                TCC0_1_Handler
                0x0000000000001a04                SERCOM1_3_Handler
                0x0000000000001a04                EIC_6_Handler
                0x0000000000001a04                OSCCTRL_1_Handler
                0x0000000000001a04                SERCOM1_0_Handler
                0x0000000000001a04                PUKCC_Handler
                0x0000000000001a04                SERCOM2_1_Handler
                0x0000000000001a04                SERCOM1_2_Handler
                0x0000000000001a04                SERCOM3_0_Handler
                0x0000000000001a04                EIC_1_Handler
                0x0000000000001a04                SERCOM4_2_Handler
                0x0000000000001a04                EVSYS_4_Handler
                0x0000000000001a04                EIC_7_Handler
                0x0000000000001a04                NVMCTRL_1_Handler
                0x0000000000001a04                SERCOM5_2_Handler
                0x0000000000001a04                SERCOM3_3_Handler
                0x0000000000001a04                ADC0_1_Handler
                0x0000000000001a04                SERCOM2_2_Handler
                0x0000000000001a04                TCC3_1_Handler
                0x0000000000001a04                EIC_14_Handler
                0x0000000000001a04                DAC_1_Handler
                0x0000000000001a04                NVMCTRL_0_Handler
                0x0000000000001a04                MCLK_Handler
                0x0000000000001a04                EVSYS_2_Handler
                0x0000000000001a04                SUPC_0_Handler
                0x0000000000001a04                BusFault_Handler
                0x0000000000001a04                FREQM_Handler
                0x0000000000001a04                TC0_Handler
                0x0000000000001a04                TCC0_3_Handler
                0x0000000000001a04                DMAC_3_Handler
                0x0000000000001a04                DebugMonitor_Handler
                0x0000000000001a04                TCC0_4_Handler
                0x0000000000001a04                RAMECC_Handler
                0x0000000000001a04                TC5_Handler
                0x0000000000001a04                SERCOM2_0_Handler
                0x0000000000001a04                AES_Handler
                0x0000000000001a04                EIC_5_Handler
 *fill*         0x0000000000001a06        0x2 
 .text.Reset_Handler
                0x0000000000001a08       0x74 build/third_party/samd51a/gcc/startup_samd51.o
                0x0000000000001a08                Reset_Handler
 .text._out_buffer
                0x0000000000001a7c        0x8 build/third_party/printf/printf.o
 .text._out_null
                0x0000000000001a84        0x2 build/third_party/printf/printf.o
 .text._atoi    0x0000000000001a86       0x24 build/third_party/printf/printf.o
 .text._out_rev
                0x0000000000001aaa       0x7e build/third_party/printf/printf.o
 .text._ntoa_format
                0x0000000000001b28      0x138 build/third_party/printf/printf.o
 .text._ntoa_long
                0x0000000000001c60       0x98 build/third_party/printf/printf.o
 .text._ntoa_long_long
                0x0000000000001cf8       0xc2 build/third_party/printf/printf.o
 *fill*         0x0000000000001dba        0x6 
 .text._etoa    0x0000000000001dc0      0x3ec build/third_party/printf/printf.o
 *fill*         0x00000000000021ac        0x4 
 .text._ftoa    0x00000000000021b0      0x380 build/third_party/printf/printf.o
 .text._vsnprintf
                0x0000000000002530      0x680 build/third_party/printf/printf.o
 .text._out_char
                0x0000000000002bb0        0xc build/third_party/printf/printf.o
 .text.printf_  0x0000000000002bbc       0x2c build/third_party/printf/printf.o
                0x0000000000002bbc                printf_
 .text.snprintf_
                0x0000000000002be8       0x28 build/third_party/printf/printf.o
                0x0000000000002be8                snprintf_
 .text._DoInit  0x0000000000002c10       0x70 build/third_party/rtt/SEGGER_RTT.o
 .text.SEGGER_RTT_PutChar
                0x0000000000002c80       0x98 build/third_party/rtt/SEGGER_RTT.o
                0x0000000000002c80                SEGGER_RTT_PutChar
 .text.tusb_init
                0x0000000000002d18       0x34 build/third_party/tinyusb/src/tusb.o
                0x0000000000002d18                tusb_init
 .text.tusb_inited
                0x0000000000002d4c        0xc build/third_party/tinyusb/src/tusb.o
                0x0000000000002d4c                tusb_inited
 .text.write_flush
                0x0000000000002d58       0x4e build/third_party/tinyusb/src/class/midi/midi_device.o
 *fill*         0x0000000000002da6        0x2 
 .text.tud_midi_n_receive
                0x0000000000002da8       0x20 build/third_party/tinyusb/src/class/midi/midi_device.o
                0x0000000000002da8                tud_midi_n_receive
 .text.midid_init
                0x0000000000002dc8       0x64 build/third_party/tinyusb/src/class/midi/midi_device.o
                0x0000000000002dc8                midid_init
 .text.midid_reset
                0x0000000000002e2c       0x34 build/third_party/tinyusb/src/class/midi/midi_device.o
                0x0000000000002e2c                midid_reset
 .text.midid_open
                0x0000000000002e60      0x140 build/third_party/tinyusb/src/class/midi/midi_device.o
                0x0000000000002e60                midid_open
 .text.midid_control_complete
                0x0000000000002fa0        0x4 build/third_party/tinyusb/src/class/midi/midi_device.o
                0x0000000000002fa0                midid_control_complete
 .text.midid_control_request
                0x0000000000002fa4        0x4 build/third_party/tinyusb/src/class/midi/midi_device.o
                0x0000000000002fa4                midid_control_request
 .text.midid_xfer_cb
                0x0000000000002fa8       0xc0 build/third_party/tinyusb/src/class/midi/midi_device.o
                0x0000000000002fa8                midid_xfer_cb
 .text.tu_fifo_config
                0x0000000000003068       0x18 build/third_party/tinyusb/src/common/tusb_fifo.o
                0x0000000000003068                tu_fifo_config
 .text.tu_fifo_read
                0x0000000000003080       0x42 build/third_party/tinyusb/src/common/tusb_fifo.o
                0x0000000000003080                tu_fifo_read
 .text.tu_fifo_read_n
                0x00000000000030c2       0xe8 build/third_party/tinyusb/src/common/tusb_fifo.o
                0x00000000000030c2                tu_fifo_read_n
 .text.tu_fifo_write
                0x00000000000031aa       0x54 build/third_party/tinyusb/src/common/tusb_fifo.o
                0x00000000000031aa                tu_fifo_write
 .text.tu_fifo_write_n
                0x00000000000031fe      0x142 build/third_party/tinyusb/src/common/tusb_fifo.o
                0x00000000000031fe                tu_fifo_write_n
 .text.tu_fifo_clear
                0x0000000000003340        0xc build/third_party/tinyusb/src/common/tusb_fifo.o
                0x0000000000003340                tu_fifo_clear
 .text.mark_interface_endpoint
                0x000000000000334c       0x40 build/third_party/tinyusb/src/device/usbd.o
 .text.usbd_reset
                0x000000000000338c       0x98 build/third_party/tinyusb/src/device/usbd.o
 .text.invoke_class_control
                0x0000000000003424       0x18 build/third_party/tinyusb/src/device/usbd.o
 .text.process_set_config
                0x000000000000343c      0x1c0 build/third_party/tinyusb/src/device/usbd.o
 .text.process_get_descriptor
                0x00000000000035fc       0xd4 build/third_party/tinyusb/src/device/usbd.o
 .text.tud_init
                0x00000000000036d0       0x98 build/third_party/tinyusb/src/device/usbd.o
                0x00000000000036d0                tud_init
 .text.dcd_event_handler
                0x0000000000003768      0x178 build/third_party/tinyusb/src/device/usbd.o
                0x0000000000003768                dcd_event_handler
 .text.dcd_event_bus_signal
                0x00000000000038e0       0x22 build/third_party/tinyusb/src/device/usbd.o
                0x00000000000038e0                dcd_event_bus_signal
 .text.dcd_event_setup_received
                0x0000000000003902       0x2c build/third_party/tinyusb/src/device/usbd.o
                0x0000000000003902                dcd_event_setup_received
 .text.dcd_event_xfer_complete
                0x000000000000392e       0x2e build/third_party/tinyusb/src/device/usbd.o
                0x000000000000392e                dcd_event_xfer_complete
 .text.usbd_edpt_open
                0x000000000000395c        0x8 build/third_party/tinyusb/src/device/usbd.o
                0x000000000000395c                usbd_edpt_open
 .text.usbd_edpt_xfer
                0x0000000000003964       0x50 build/third_party/tinyusb/src/device/usbd.o
                0x0000000000003964                usbd_edpt_xfer
 .text.usbd_edpt_busy
                0x00000000000039b4       0x1c build/third_party/tinyusb/src/device/usbd.o
                0x00000000000039b4                usbd_edpt_busy
 .text.usbd_edpt_stall
                0x00000000000039d0       0x34 build/third_party/tinyusb/src/device/usbd.o
                0x00000000000039d0                usbd_edpt_stall
 .text.usbd_edpt_clear_stall
                0x0000000000003a04       0x34 build/third_party/tinyusb/src/device/usbd.o
                0x0000000000003a04                usbd_edpt_clear_stall
 .text.usbd_edpt_stalled
                0x0000000000003a38       0x1c build/third_party/tinyusb/src/device/usbd.o
                0x0000000000003a38                usbd_edpt_stalled
 .text.process_control_request
                0x0000000000003a54      0x3d4 build/third_party/tinyusb/src/device/usbd.o
 .text.tud_task
                0x0000000000003e28      0x208 build/third_party/tinyusb/src/device/usbd.o
                0x0000000000003e28                tud_task
 .text._data_stage_xact
                0x0000000000004030       0x54 build/third_party/tinyusb/src/device/usbd_control.o
 .text.tud_control_status
                0x0000000000004084       0x34 build/third_party/tinyusb/src/device/usbd_control.o
                0x0000000000004084                tud_control_status
 .text.tud_control_xfer
                0x00000000000040b8       0x90 build/third_party/tinyusb/src/device/usbd_control.o
                0x00000000000040b8                tud_control_xfer
 .text.usbd_control_reset
                0x0000000000004148       0x14 build/third_party/tinyusb/src/device/usbd_control.o
                0x0000000000004148                usbd_control_reset
 .text.usbd_control_set_complete_callback
                0x000000000000415c        0xc build/third_party/tinyusb/src/device/usbd_control.o
                0x000000000000415c                usbd_control_set_complete_callback
 .text.usbd_control_set_request
                0x0000000000004168       0x1c build/third_party/tinyusb/src/device/usbd_control.o
                0x0000000000004168                usbd_control_set_request
 .text.usbd_control_xfer_cb
                0x0000000000004184       0xe8 build/third_party/tinyusb/src/device/usbd_control.o
                0x0000000000004184                usbd_control_xfer_cb
 .text.bus_reset
                0x000000000000426c       0x44 build/third_party/tinyusb/src/portable/microchip/samd/dcd_samd.o
 .text.dcd_init
                0x00000000000042b0       0x94 build/third_party/tinyusb/src/portable/microchip/samd/dcd_samd.o
                0x00000000000042b0                dcd_init
 .text.dcd_int_enable
                0x0000000000004344       0x20 build/third_party/tinyusb/src/portable/microchip/samd/dcd_samd.o
                0x0000000000004344                dcd_int_enable
 .text.dcd_int_disable
                0x0000000000004364       0x48 build/third_party/tinyusb/src/portable/microchip/samd/dcd_samd.o
                0x0000000000004364                dcd_int_disable
 .text.dcd_edpt0_status_complete
                0x00000000000043ac       0x40 build/third_party/tinyusb/src/portable/microchip/samd/dcd_samd.o
                0x00000000000043ac                dcd_edpt0_status_complete
 .text.dcd_edpt_open
                0x00000000000043ec       0xac build/third_party/tinyusb/src/portable/microchip/samd/dcd_samd.o
                0x00000000000043ec                dcd_edpt_open
 .text.dcd_edpt_xfer
                0x0000000000004498       0xb4 build/third_party/tinyusb/src/portable/microchip/samd/dcd_samd.o
                0x0000000000004498                dcd_edpt_xfer
 .text.dcd_set_address
                0x000000000000454c       0x18 build/third_party/tinyusb/src/portable/microchip/samd/dcd_samd.o
                0x000000000000454c                dcd_set_address
 .text.dcd_edpt_stall
                0x0000000000004564       0x1e build/third_party/tinyusb/src/portable/microchip/samd/dcd_samd.o
                0x0000000000004564                dcd_edpt_stall
 .text.dcd_edpt_clear_stall
                0x0000000000004582       0x1e build/third_party/tinyusb/src/portable/microchip/samd/dcd_samd.o
                0x0000000000004582                dcd_edpt_clear_stall
 .text.maybe_transfer_complete
                0x00000000000045a0       0x8c build/third_party/tinyusb/src/portable/microchip/samd/dcd_samd.o
                0x00000000000045a0                maybe_transfer_complete
 .text.dcd_int_handler
                0x000000000000462c       0xb0 build/third_party/tinyusb/src/portable/microchip/samd/dcd_samd.o
                0x000000000000462c                dcd_int_handler
 .text          0x00000000000046dc      0x378 /Applications/ARM/bin/../lib/gcc/arm-none-eabi/10.2.1/thumb/v7e-m+fp/hard/libgcc.a(_arm_addsubdf3.o)
                0x00000000000046dc                __aeabi_drsub
                0x00000000000046e4                __subdf3
                0x00000000000046e4                __aeabi_dsub
                0x00000000000046e8                __aeabi_dadd
                0x00000000000046e8                __adddf3
                0x0000000000004960                __aeabi_ui2d
                0x0000000000004960                __floatunsidf
                0x0000000000004980                __floatsidf
                0x0000000000004980                __aeabi_i2d
                0x00000000000049a4                __extendsfdf2
                0x00000000000049a4                __aeabi_f2d
                0x00000000000049e8                __aeabi_ul2d
                0x00000000000049e8                __floatundidf
                0x00000000000049f8                __aeabi_l2d
                0x00000000000049f8                __floatdidf
 .text          0x0000000000004a54      0x424 /Applications/ARM/bin/../lib/gcc/arm-none-eabi/10.2.1/thumb/v7e-m+fp/hard/libgcc.a(_arm_muldivdf3.o)
                0x0000000000004a54                __aeabi_dmul
                0x0000000000004a54                __muldf3
                0x0000000000004ca8                __aeabi_ddiv
                0x0000000000004ca8                __divdf3
 .text          0x0000000000004e78      0x110 /Applications/ARM/bin/../lib/gcc/arm-none-eabi/10.2.1/thumb/v7e-m+fp/hard/libgcc.a(_arm_cmpdf2.o)
                0x0000000000004e78                __gedf2
                0x0000000000004e78                __gtdf2
                0x0000000000004e80                __ledf2
                0x0000000000004e80                __ltdf2
                0x0000000000004e88                __cmpdf2
                0x0000000000004e88                __eqdf2
                0x0000000000004e88                __nedf2
                0x0000000000004f04                __aeabi_cdrcmple
                0x0000000000004f14                __aeabi_cdcmple
                0x0000000000004f14                __aeabi_cdcmpeq
                0x0000000000004f24                __aeabi_dcmpeq
                0x0000000000004f38                __aeabi_dcmplt
                0x0000000000004f4c                __aeabi_dcmple
                0x0000000000004f60                __aeabi_dcmpge
                0x0000000000004f74                __aeabi_dcmpgt
 .text          0x0000000000004f88       0x50 /Applications/ARM/bin/../lib/gcc/arm-none-eabi/10.2.1/thumb/v7e-m+fp/hard/libgcc.a(_arm_fixdfsi.o)
                0x0000000000004f88                __fixdfsi
                0x0000000000004f88                __aeabi_d2iz
 .text          0x0000000000004fd8       0x40 /Applications/ARM/bin/../lib/gcc/arm-none-eabi/10.2.1/thumb/v7e-m+fp/hard/libgcc.a(_arm_fixunsdfsi.o)
                0x0000000000004fd8                __fixunsdfsi
                0x0000000000004fd8                __aeabi_d2uiz
 .text          0x0000000000005018       0x30 /Applications/ARM/bin/../lib/gcc/arm-none-eabi/10.2.1/thumb/v7e-m+fp/hard/libgcc.a(_aeabi_uldivmod.o)
                0x0000000000005018                __aeabi_uldivmod
 .text          0x0000000000005048      0x2d0 /Applications/ARM/bin/../lib/gcc/arm-none-eabi/10.2.1/thumb/v7e-m+fp/hard/libgcc.a(_udivmoddi4.o)
                0x0000000000005048                __udivmoddi4
 .text          0x0000000000005318        0x4 /Applications/ARM/bin/../lib/gcc/arm-none-eabi/10.2.1/thumb/v7e-m+fp/hard/libgcc.a(_dvmd_tls.o)
                0x0000000000005318                __aeabi_ldiv0
                0x0000000000005318                __aeabi_idiv0
 .text.__libc_init_array
                0x000000000000531c       0x48 /Applications/ARM/bin/../lib/gcc/arm-none-eabi/10.2.1/../../../../arm-none-eabi/lib/thumb/v7e-m+fp/hard/libc_nano.a(lib_a-init.o)
                0x000000000000531c                __libc_init_array
 .text.memcpy   0x0000000000005364       0x1c /Applications/ARM/bin/../lib/gcc/arm-none-eabi/10.2.1/../../../../arm-none-eabi/lib/thumb/v7e-m+fp/hard/libc_nano.a(lib_a-memcpy-stub.o)
                0x0000000000005364                memcpy
 .text.memset   0x0000000000005380       0x10 /Applications/ARM/bin/../lib/gcc/arm-none-eabi/10.2.1/../../../../arm-none-eabi/lib/thumb/v7e-m+fp/hard/libc_nano.a(lib_a-memset.o)
                0x0000000000005380                memset
 .text          0x0000000000005390       0x10 /Applications/ARM/bin/../lib/gcc/arm-none-eabi/10.2.1/../../../../arm-none-eabi/lib/thumb/v7e-m+fp/hard/libc_nano.a(lib_a-strlen.o)
                0x0000000000005390                strlen
 *(.glue_7t)
 .glue_7t       0x00000000000053a0        0x0 linker stubs
 *(.glue_7)
 .glue_7        0x00000000000053a0        0x0 linker stubs
 *(.rodata .rodata* .gnu.linkonce.r.*)
 .rodata.main.str1.4
                0x00000000000053a0       0x15 build/src/main.o
 *fill*         0x00000000000053b5        0x3 
 .rodata.tud_descriptor_string_cb.str1.4
                0x00000000000053b8       0x19 build/src/stel_usb_descriptors.o
 *fill*         0x00000000000053d1        0x3 
 .rodata.str1.4
                0x00000000000053d4       0x18 build/src/stel_usb_descriptors.o
 .rodata.__compound_literal.0
                0x00000000000053ec        0x2 build/src/stel_usb_descriptors.o
 *fill*         0x00000000000053ee        0x2 
 .rodata.desc_configuration
                0x00000000000053f0       0x61 build/src/stel_usb_descriptors.o
                0x00000000000053f0                desc_configuration
 *fill*         0x0000000000005451        0x3 
 .rodata.desc_device
                0x0000000000005454       0x12 build/src/stel_usb_descriptors.o
                0x0000000000005454                desc_device
 *fill*         0x0000000000005466        0x2 
 .rodata.start_frame_
                0x0000000000005468        0x4 build/src/drivers/stel_dotstar.o
 .rodata        0x000000000000546c       0x20 build/src/flow/generated_flow.o
 .rodata.consume_sysex.str1.4
                0x000000000000548c       0x23 build/third_party/libwinter/wntr_midi_core.o
 *fill*         0x00000000000054af        0x1 
 .rodata._ftoa.str1.4
                0x00000000000054b0       0x15 build/third_party/printf/printf.o
 *fill*         0x00000000000054c5        0x3 
 .rodata.pow10.0
                0x00000000000054c8       0x50 build/third_party/printf/printf.o
 .rodata._DoInit.str1.4
                0x0000000000005518       0x17 build/third_party/rtt/SEGGER_RTT.o
 *fill*         0x000000000000552f        0x1 
 .rodata._usbd_driver
                0x0000000000005530       0x1c build/third_party/tinyusb/src/device/usbd.o
 *(.ARM.extab* .gnu.linkonce.armextab.*)
                0x000000000000554c                . = ALIGN (0x4)
 *(.init)
 .init          0x000000000000554c        0x4 /Applications/ARM/bin/../lib/gcc/arm-none-eabi/10.2.1/thumb/v7e-m+fp/hard/crti.o
                0x000000000000554c                _init
 .init          0x0000000000005550        0x8 /Applications/ARM/bin/../lib/gcc/arm-none-eabi/10.2.1/thumb/v7e-m+fp/hard/crtn.o
                0x0000000000005558                . = ALIGN (0x4)
                0x0000000000005558                __preinit_array_start = .
 *(.preinit_array)
                0x0000000000005558                __preinit_array_end = .
                0x0000000000005558                . = ALIGN (0x4)
                0x0000000000005558                __init_array_start = .
 *(SORT_BY_NAME(.init_array.*))
 *(.init_array)
 .init_array    0x0000000000005558        0x4 /Applications/ARM/bin/../lib/gcc/arm-none-eabi/10.2.1/thumb/v7e-m+fp/hard/crtbegin.o
                0x000000000000555c                __init_array_end = .
                0x000000000000555c                . = ALIGN (0x4)
 *crtbegin.o(.ctors)
 *(EXCLUDE_FILE(*crtend.o) .ctors)
 *(SORT_BY_NAME(.ctors.*))
 *crtend.o(.ctors)
                0x000000000000555c                . = ALIGN (0x4)
 *(.fini)
 .fini          0x000000000000555c        0x4 /Applications/ARM/bin/../lib/gcc/arm-none-eabi/10.2.1/thumb/v7e-m+fp/hard/crti.o
                0x000000000000555c                _fini
 .fini          0x0000000000005560        0x8 /Applications/ARM/bin/../lib/gcc/arm-none-eabi/10.2.1/thumb/v7e-m+fp/hard/crtn.o
                0x0000000000005568                . = ALIGN (0x4)
                0x0000000000005568                __fini_array_start = .
 *(.fini_array)
 .fini_array    0x0000000000005568        0x4 /Applications/ARM/bin/../lib/gcc/arm-none-eabi/10.2.1/thumb/v7e-m+fp/hard/crtbegin.o
 *(SORT_BY_NAME(.fini_array.*))
                0x000000000000556c                __fini_array_end = .
 *crtbegin.o(.dtors)
 *(EXCLUDE_FILE(*crtend.o) .dtors)
 *(SORT_BY_NAME(.dtors.*))
 *crtend.o(.dtors)
                0x000000000000556c                . = ALIGN (0x4)
                0x000000000000556c                _efixed = .
                [!provide]                        PROVIDE (__exidx_start = .)

.vfp11_veneer   0x000000000000556c        0x0
 .vfp11_veneer  0x000000000000556c        0x0 linker stubs

.v4_bx          0x000000000000556c        0x0
 .v4_bx         0x000000000000556c        0x0 linker stubs

.iplt           0x000000000000556c        0x0
 .iplt          0x000000000000556c        0x0 /Applications/ARM/bin/../lib/gcc/arm-none-eabi/10.2.1/thumb/v7e-m+fp/hard/crtbegin.o

.igot.plt       0x000000000000556c        0x0
 .igot.plt      0x000000000000556c        0x0 /Applications/ARM/bin/../lib/gcc/arm-none-eabi/10.2.1/thumb/v7e-m+fp/hard/crtbegin.o

.ARM.exidx      0x000000000000556c        0x8
 *(.ARM.exidx* .gnu.linkonce.armexidx.*)
 .ARM.exidx     0x000000000000556c        0x8 /Applications/ARM/bin/../lib/gcc/arm-none-eabi/10.2.1/thumb/v7e-m+fp/hard/libgcc.a(_udivmoddi4.o)
                [!provide]                        PROVIDE (__exidx_end = .)

.eh_frame       0x0000000000005574        0x0
 .eh_frame      0x0000000000005574        0x0 /Applications/ARM/bin/../lib/gcc/arm-none-eabi/10.2.1/thumb/v7e-m+fp/hard/crtbegin.o

.rel.dyn        0x0000000000005574        0x0
 .rel.iplt      0x0000000000005574        0x0 /Applications/ARM/bin/../lib/gcc/arm-none-eabi/10.2.1/thumb/v7e-m+fp/hard/crtbegin.o
                0x0000000000005574                . = ALIGN (0x4)
                0x0000000000005574                _etext = .

.relocate       0x0000000020000000       0xa4 load address 0x0000000000005574
                0x0000000020000000                . = ALIGN (0x4)
                0x0000000020000000                _srelocate = .
 *(.ramfunc .ramfunc.*)
 *(.data .data.*)
 .data.input_a  0x0000000020000000       0x10 build/src/main.o
 .data.input_b  0x0000000020000010       0x10 build/src/main.o
 .data.serial_number_str_
                0x0000000020000020       0x11 build/src/stel_usb_descriptors.o
 *fill*         0x0000000020000031        0x3 
 .data.string_desc_arr
                0x0000000020000034        0xc build/src/stel_usb_descriptors.o
                0x0000000020000034                string_desc_arr
 .data.spi_     0x0000000020000040        0xc build/src/drivers/stel_dotstar.o
 .data.spi_     0x000000002000004c       0x10 build/src/drivers/stel_ad5685.o
 .data.SystemCoreClock
                0x000000002000005c        0x4 build/src/hw/system_samd51.o
                0x000000002000005c                SystemCoreClock
 .data.flow     0x0000000020000060       0x30 build/src/flow/flow_runner.o
 .data._usbd_qdef
                0x0000000020000090       0x14 build/third_party/tinyusb/src/device/usbd.o
                0x0000000020000090                _usbd_qdef
                0x00000000200000a4                . = ALIGN (0x4)
                0x00000000200000a4                _erelocate = .

.bkupram        0x0000000047000000        0x0
                0x0000000047000000                . = ALIGN (0x8)
                0x0000000047000000                _sbkupram = .
 *(.bkupram .bkupram.*)
                0x0000000047000000                . = ALIGN (0x8)
                0x0000000047000000                _ebkupram = .

.qspi           0x0000000004000000        0x0
                0x0000000004000000                . = ALIGN (0x8)
                0x0000000004000000                _sqspi = .
 *(.qspi .qspi.*)
                0x0000000004000000                . = ALIGN (0x8)
                0x0000000004000000                _eqspi = .

.bss            0x00000000200000a4     0x1ca0 load address 0x0000000000005618
                0x00000000200000a4                . = ALIGN (0x4)
                0x00000000200000a4                _sbss = .
                0x00000000200000a4                _szero = .
 *(.bss .bss.*)
 .bss           0x00000000200000a4       0x1c /Applications/ARM/bin/../lib/gcc/arm-none-eabi/10.2.1/thumb/v7e-m+fp/hard/crtbegin.o
 .bss.hue.1     0x00000000200000c0        0x2 build/src/main.o
 *fill*         0x00000000200000c2        0x2 
 .bss.outs.0    0x00000000200000c4       0x18 build/src/main.o
 .bss.desc_str_
                0x00000000200000dc       0x40 build/src/stel_usb_descriptors.o
 .bss.brightness_
                0x000000002000011c        0x2 build/src/drivers/stel_dotstar.o
 *fill*         0x000000002000011e        0x2 
 .bss.pixels_   0x0000000020000120        0x3 build/src/drivers/stel_dotstar.o
 *fill*         0x0000000020000123        0x1 
 .bss.flow_step_context
                0x0000000020000124       0x10 build/src/flow/flow_io.o
                0x0000000020000124                flow_step_context
 .bss.storage   0x0000000020000134     0x1000 build/src/flow/flow_runner.o
 .bss.sysex_data_
                0x0000000020001134       0x40 build/third_party/libwinter/wntr_midi_core.o
 .bss.sysex_data_len_
                0x0000000020001174        0x4 build/third_party/libwinter/wntr_midi_core.o
 .bss._ms_ticks
                0x0000000020001178        0x4 build/third_party/libwinter/wntr_ticks.o
                0x0000000020001178                _ms_ticks
 .bss._SEGGER_RTT
                0x000000002000117c       0xa8 build/third_party/rtt/SEGGER_RTT.o
                0x000000002000117c                _SEGGER_RTT
 .bss._acDownBuffer
                0x0000000020001224       0x10 build/third_party/rtt/SEGGER_RTT.o
 .bss._acUpBuffer
                0x0000000020001234      0x400 build/third_party/rtt/SEGGER_RTT.o
 .bss._initialized
                0x0000000020001634        0x1 build/third_party/tinyusb/src/tusb.o
 *fill*         0x0000000020001635        0x3 
 .bss._midid_itf
                0x0000000020001638      0x4b0 build/third_party/tinyusb/src/class/midi/midi_device.o
                0x0000000020001638                _midid_itf
 .bss._app_driver
                0x0000000020001ae8        0x4 build/third_party/tinyusb/src/device/usbd.o
 .bss._app_driver_count
                0x0000000020001aec        0x1 build/third_party/tinyusb/src/device/usbd.o
 *fill*         0x0000000020001aed        0x3 
 .bss._usbd_dev
                0x0000000020001af0       0x32 build/third_party/tinyusb/src/device/usbd.o
 *fill*         0x0000000020001b22        0x2 
 .bss._usbd_q   0x0000000020001b24        0x4 build/third_party/tinyusb/src/device/usbd.o
 .bss._usbd_qdef_buf
                0x0000000020001b28       0xc0 build/third_party/tinyusb/src/device/usbd.o
                0x0000000020001b28                _usbd_qdef_buf
 .bss._ctrl_xfer
                0x0000000020001be8       0x14 build/third_party/tinyusb/src/device/usbd_control.o
 .bss._usbd_ctrl_buf
                0x0000000020001bfc       0x40 build/third_party/tinyusb/src/device/usbd_control.o
 .bss._setup_packet
                0x0000000020001c3c        0x8 build/third_party/tinyusb/src/portable/microchip/samd/dcd_samd.o
 .bss.sram_registers
                0x0000000020001c44      0x100 build/third_party/tinyusb/src/portable/microchip/samd/dcd_samd.o
 *(COMMON)
                0x0000000020001d44                . = ALIGN (0x4)
                0x0000000020001d44                _ebss = .
                0x0000000020001d44                _ezero = .

.stack          0x0000000020001d44    0x10004 load address 0x00000000000072b8
                0x0000000020001d48                . = ALIGN (0x8)
 *fill*         0x0000000020001d44        0x4 
                0x0000000020001d48                _sstack = .
                0x0000000020011d48                . = (. + STACK_SIZE)
 *fill*         0x0000000020001d48    0x10000 
                0x0000000020011d48                . = ALIGN (0x8)
                0x0000000020011d48                _estack = .
                0x0000000020011d48                . = ALIGN (0x4)
                0x0000000020011d48                _end = .
                0x0000000000010000                __stack_size__ = 0x10000
LOAD build/src/main.o
LOAD build/src/stel_usb_descriptors.o
LOAD build/src/drivers/stel_adc.o
LOAD build/src/drivers/stel_dac.o
LOAD build/src/drivers/stel_dotstar.o
LOAD build/src/drivers/stel_ad5685.o
LOAD build/src/hw/system_samd51.o
LOAD build/src/hw/stel_sercom_spi.o
LOAD build/src/hw/stel_clocks.o
LOAD build/src/hw/stel_usb.o
LOAD build/src/hw/stel_sercom.o
LOAD build/src/lib/stel_syscalls.o
LOAD build/src/currents/currents.o
LOAD build/src/flow/generated_flow.o
LOAD build/src/flow/flow_io.o
LOAD build/src/flow/flow_runner.o
LOAD build/src/flow/flow_nodes.o
LOAD build/build/generated_build_info.o
LOAD build/third_party/libwinter/wntr_assert.o
LOAD build/third_party/libwinter/wntr_bitbang_spi.o
LOAD build/third_party/libwinter/wntr_colorspace.o
LOAD build/third_party/libwinter/wntr_deque.o
LOAD build/third_party/libwinter/wntr_midi_core.o
LOAD build/third_party/libwinter/wntr_midi_sysex_dispatcher.o
LOAD build/third_party/libwinter/wntr_random.o
LOAD build/third_party/libwinter/wntr_ticks.o
LOAD build/third_party/libwinter/samd/wntr_mtb.o
LOAD build/third_party/libwinter/samd/wntr_bootloader.o
LOAD build/third_party/libwinter/samd/wntr_gpio.o
LOAD build/third_party/libwinter/samd/wntr_delay.o
LOAD build/third_party/libwinter/samd/wntr_serial_number.o
LOAD build/third_party/libwinter/samd/wntr_hardfault.o
LOAD build/third_party/samd51a/gcc/startup_samd51.o
LOAD build/third_party/printf/printf.o
LOAD build/third_party/rtt/SEGGER_RTT.o
LOAD build/third_party/tinyusb/src/tusb.o
LOAD build/third_party/tinyusb/src/class/midi/midi_device.o
LOAD build/third_party/tinyusb/src/common/tusb_fifo.o
LOAD build/third_party/tinyusb/src/device/usbd.o
LOAD build/third_party/tinyusb/src/device/usbd_control.o
LOAD build/third_party/tinyusb/src/portable/microchip/samd/dcd_samd.o
LOAD /Applications/ARM/bin/../lib/gcc/arm-none-eabi/10.2.1/../../../../arm-none-eabi/lib/thumb/v7e-m+fp/hard/libm.a
START GROUP
LOAD /Applications/ARM/bin/../lib/gcc/arm-none-eabi/10.2.1/thumb/v7e-m+fp/hard/libgcc.a
LOAD /Applications/ARM/bin/../lib/gcc/arm-none-eabi/10.2.1/../../../../arm-none-eabi/lib/thumb/v7e-m+fp/hard/libc_nano.a
END GROUP
START GROUP
LOAD /Applications/ARM/bin/../lib/gcc/arm-none-eabi/10.2.1/thumb/v7e-m+fp/hard/libgcc.a
LOAD /Applications/ARM/bin/../lib/gcc/arm-none-eabi/10.2.1/../../../../arm-none-eabi/lib/thumb/v7e-m+fp/hard/libc_nano.a
END GROUP
LOAD /Applications/ARM/bin/../lib/gcc/arm-none-eabi/10.2.1/thumb/v7e-m+fp/hard/crtend.o
LOAD /Applications/ARM/bin/../lib/gcc/arm-none-eabi/10.2.1/thumb/v7e-m+fp/hard/crtn.o
OUTPUT(build/stellar-firmware.elf elf32-littlearm)
LOAD linker stubs

.ARM.attributes
                0x0000000000000000       0x30
 .ARM.attributes
                0x0000000000000000       0x1e /Applications/ARM/bin/../lib/gcc/arm-none-eabi/10.2.1/thumb/v7e-m+fp/hard/crti.o
 .ARM.attributes
                0x000000000000001e       0x34 /Applications/ARM/bin/../lib/gcc/arm-none-eabi/10.2.1/thumb/v7e-m+fp/hard/crtbegin.o
 .ARM.attributes
                0x0000000000000052       0x34 build/src/main.o
 .ARM.attributes
                0x0000000000000086       0x34 build/src/stel_usb_descriptors.o
 .ARM.attributes
                0x00000000000000ba       0x34 build/src/drivers/stel_adc.o
 .ARM.attributes
                0x00000000000000ee       0x34 build/src/drivers/stel_dac.o
 .ARM.attributes
                0x0000000000000122       0x34 build/src/drivers/stel_dotstar.o
 .ARM.attributes
                0x0000000000000156       0x34 build/src/drivers/stel_ad5685.o
 .ARM.attributes
                0x000000000000018a       0x34 build/src/hw/system_samd51.o
 .ARM.attributes
                0x00000000000001be       0x34 build/src/hw/stel_sercom_spi.o
 .ARM.attributes
                0x00000000000001f2       0x34 build/src/hw/stel_clocks.o
 .ARM.attributes
                0x0000000000000226       0x34 build/src/hw/stel_usb.o
 .ARM.attributes
                0x000000000000025a       0x34 build/src/hw/stel_sercom.o
 .ARM.attributes
                0x000000000000028e       0x34 build/src/lib/stel_syscalls.o
 .ARM.attributes
                0x00000000000002c2       0x34 build/src/currents/currents.o
 .ARM.attributes
                0x00000000000002f6       0x34 build/src/flow/generated_flow.o
 .ARM.attributes
                0x000000000000032a       0x39 build/src/flow/flow_io.o
 .ARM.attributes
                0x0000000000000363       0x34 build/src/flow/flow_runner.o
 .ARM.attributes
                0x0000000000000397       0x34 build/src/flow/flow_nodes.o
 .ARM.attributes
                0x00000000000003cb       0x34 build/third_party/libwinter/wntr_bitbang_spi.o
 .ARM.attributes
                0x00000000000003ff       0x34 build/third_party/libwinter/wntr_colorspace.o
 .ARM.attributes
                0x0000000000000433       0x34 build/third_party/libwinter/wntr_deque.o
 .ARM.attributes
                0x0000000000000467       0x34 build/third_party/libwinter/wntr_midi_core.o
 .ARM.attributes
                0x000000000000049b       0x34 build/third_party/libwinter/wntr_ticks.o
 .ARM.attributes
                0x00000000000004cf       0x34 build/third_party/libwinter/samd/wntr_gpio.o
 .ARM.attributes
                0x0000000000000503       0x34 build/third_party/libwinter/samd/wntr_delay.o
 .ARM.attributes
                0x0000000000000537       0x34 build/third_party/libwinter/samd/wntr_serial_number.o
 .ARM.attributes
                0x000000000000056b       0x34 build/third_party/libwinter/samd/wntr_hardfault.o
 .ARM.attributes
                0x000000000000059f       0x34 build/third_party/samd51a/gcc/startup_samd51.o
 .ARM.attributes
                0x00000000000005d3       0x34 build/third_party/printf/printf.o
 .ARM.attributes
                0x0000000000000607       0x34 build/third_party/rtt/SEGGER_RTT.o
 .ARM.attributes
                0x000000000000063b       0x34 build/third_party/tinyusb/src/tusb.o
 .ARM.attributes
                0x000000000000066f       0x34 build/third_party/tinyusb/src/class/midi/midi_device.o
 .ARM.attributes
                0x00000000000006a3       0x34 build/third_party/tinyusb/src/common/tusb_fifo.o
 .ARM.attributes
                0x00000000000006d7       0x34 build/third_party/tinyusb/src/device/usbd.o
 .ARM.attributes
                0x000000000000070b       0x34 build/third_party/tinyusb/src/device/usbd_control.o
 .ARM.attributes
                0x000000000000073f       0x34 build/third_party/tinyusb/src/portable/microchip/samd/dcd_samd.o
 .ARM.attributes
                0x0000000000000773       0x1e /Applications/ARM/bin/../lib/gcc/arm-none-eabi/10.2.1/thumb/v7e-m+fp/hard/libgcc.a(_arm_addsubdf3.o)
 .ARM.attributes
                0x0000000000000791       0x1e /Applications/ARM/bin/../lib/gcc/arm-none-eabi/10.2.1/thumb/v7e-m+fp/hard/libgcc.a(_arm_muldivdf3.o)
 .ARM.attributes
                0x00000000000007af       0x1e /Applications/ARM/bin/../lib/gcc/arm-none-eabi/10.2.1/thumb/v7e-m+fp/hard/libgcc.a(_arm_cmpdf2.o)
 .ARM.attributes
                0x00000000000007cd       0x1e /Applications/ARM/bin/../lib/gcc/arm-none-eabi/10.2.1/thumb/v7e-m+fp/hard/libgcc.a(_arm_fixdfsi.o)
 .ARM.attributes
                0x00000000000007eb       0x1e /Applications/ARM/bin/../lib/gcc/arm-none-eabi/10.2.1/thumb/v7e-m+fp/hard/libgcc.a(_arm_fixunsdfsi.o)
 .ARM.attributes
                0x0000000000000809       0x1e /Applications/ARM/bin/../lib/gcc/arm-none-eabi/10.2.1/thumb/v7e-m+fp/hard/libgcc.a(_aeabi_uldivmod.o)
 .ARM.attributes
                0x0000000000000827       0x34 /Applications/ARM/bin/../lib/gcc/arm-none-eabi/10.2.1/thumb/v7e-m+fp/hard/libgcc.a(_udivmoddi4.o)
 .ARM.attributes
                0x000000000000085b       0x1e /Applications/ARM/bin/../lib/gcc/arm-none-eabi/10.2.1/thumb/v7e-m+fp/hard/libgcc.a(_dvmd_tls.o)
 .ARM.attributes
                0x0000000000000879       0x34 /Applications/ARM/bin/../lib/gcc/arm-none-eabi/10.2.1/../../../../arm-none-eabi/lib/thumb/v7e-m+fp/hard/libc_nano.a(lib_a-init.o)
 .ARM.attributes
                0x00000000000008ad       0x34 /Applications/ARM/bin/../lib/gcc/arm-none-eabi/10.2.1/../../../../arm-none-eabi/lib/thumb/v7e-m+fp/hard/libc_nano.a(lib_a-memcpy-stub.o)
 .ARM.attributes
                0x00000000000008e1       0x34 /Applications/ARM/bin/../lib/gcc/arm-none-eabi/10.2.1/../../../../arm-none-eabi/lib/thumb/v7e-m+fp/hard/libc_nano.a(lib_a-memset.o)
 .ARM.attributes
                0x0000000000000915       0x17 /Applications/ARM/bin/../lib/gcc/arm-none-eabi/10.2.1/../../../../arm-none-eabi/lib/thumb/v7e-m+fp/hard/libc_nano.a(lib_a-strlen.o)
 .ARM.attributes
                0x000000000000092c       0x1e /Applications/ARM/bin/../lib/gcc/arm-none-eabi/10.2.1/thumb/v7e-m+fp/hard/crtn.o

.comment        0x0000000000000000       0x4d
 .comment       0x0000000000000000       0x4d build/src/main.o
                                         0x4e (size before relaxing)
 .comment       0x000000000000004d       0x4e build/src/stel_usb_descriptors.o
 .comment       0x000000000000004d       0x4e build/src/drivers/stel_adc.o
 .comment       0x000000000000004d       0x4e build/src/drivers/stel_dac.o
 .comment       0x000000000000004d       0x4e build/src/drivers/stel_dotstar.o
 .comment       0x000000000000004d       0x4e build/src/drivers/stel_ad5685.o
 .comment       0x000000000000004d       0x4e build/src/hw/system_samd51.o
 .comment       0x000000000000004d       0x4e build/src/hw/stel_sercom_spi.o
 .comment       0x000000000000004d       0x4e build/src/hw/stel_clocks.o
 .comment       0x000000000000004d       0x4e build/src/hw/stel_usb.o
 .comment       0x000000000000004d       0x4e build/src/hw/stel_sercom.o
 .comment       0x000000000000004d       0x4e build/src/lib/stel_syscalls.o
 .comment       0x000000000000004d       0x4e build/src/currents/currents.o
 .comment       0x000000000000004d       0x4e build/src/flow/generated_flow.o
 .comment       0x000000000000004d       0x4e build/src/flow/flow_io.o
 .comment       0x000000000000004d       0x4e build/src/flow/flow_runner.o
 .comment       0x000000000000004d       0x4e build/src/flow/flow_nodes.o
 .comment       0x000000000000004d       0x4e build/third_party/libwinter/wntr_bitbang_spi.o
 .comment       0x000000000000004d       0x4e build/third_party/libwinter/wntr_colorspace.o
 .comment       0x000000000000004d       0x4e build/third_party/libwinter/wntr_deque.o
 .comment       0x000000000000004d       0x4e build/third_party/libwinter/wntr_midi_core.o
 .comment       0x000000000000004d       0x4e build/third_party/libwinter/wntr_ticks.o
 .comment       0x000000000000004d       0x4e build/third_party/libwinter/samd/wntr_gpio.o
 .comment       0x000000000000004d       0x4e build/third_party/libwinter/samd/wntr_delay.o
 .comment       0x000000000000004d       0x4e build/third_party/libwinter/samd/wntr_serial_number.o
 .comment       0x000000000000004d       0x4e build/third_party/libwinter/samd/wntr_hardfault.o
 .comment       0x000000000000004d       0x4e build/third_party/samd51a/gcc/startup_samd51.o
 .comment       0x000000000000004d       0x4e build/third_party/printf/printf.o
 .comment       0x000000000000004d       0x4e build/third_party/rtt/SEGGER_RTT.o
 .comment       0x000000000000004d       0x4e build/third_party/tinyusb/src/tusb.o
 .comment       0x000000000000004d       0x4e build/third_party/tinyusb/src/class/midi/midi_device.o
 .comment       0x000000000000004d       0x4e build/third_party/tinyusb/src/common/tusb_fifo.o
 .comment       0x000000000000004d       0x4e build/third_party/tinyusb/src/device/usbd.o
 .comment       0x000000000000004d       0x4e build/third_party/tinyusb/src/device/usbd_control.o
 .comment       0x000000000000004d       0x4e build/third_party/tinyusb/src/portable/microchip/samd/dcd_samd.o

.debug_info     0x0000000000000000    0x24f46
 .debug_info    0x0000000000000000     0x1989 build/src/main.o
 .debug_info    0x0000000000001989      0x66d build/src/stel_usb_descriptors.o
 .debug_info    0x0000000000001ff6     0x1c09 build/src/drivers/stel_adc.o
 .debug_info    0x0000000000003bff     0x17b5 build/src/drivers/stel_dac.o
 .debug_info    0x00000000000053b4      0x3c1 build/src/drivers/stel_dotstar.o
 .debug_info    0x0000000000005775     0x2816 build/src/drivers/stel_ad5685.o
 .debug_info    0x0000000000007f8b      0xde8 build/src/hw/system_samd51.o
 .debug_info    0x0000000000008d73     0x25ba build/src/hw/stel_sercom_spi.o
 .debug_info    0x000000000000b32d     0x2a85 build/src/hw/stel_clocks.o
 .debug_info    0x000000000000ddb2     0x158b build/src/hw/stel_usb.o
 .debug_info    0x000000000000f33d     0x2ea7 build/src/hw/stel_sercom.o
 .debug_info    0x00000000000121e4      0x5d0 build/src/lib/stel_syscalls.o
 .debug_info    0x00000000000127b4      0x64b build/src/currents/currents.o
 .debug_info    0x0000000000012dff      0x431 build/src/flow/generated_flow.o
 .debug_info    0x0000000000013230      0x53f build/src/flow/flow_io.o
 .debug_info    0x000000000001376f      0x6d9 build/src/flow/flow_runner.o
 .debug_info    0x0000000000013e48      0xda6 build/src/flow/flow_nodes.o
 .debug_info    0x0000000000014bee      0x6f9 build/third_party/libwinter/wntr_bitbang_spi.o
 .debug_info    0x00000000000152e7      0x16e build/third_party/libwinter/wntr_colorspace.o
 .debug_info    0x0000000000015455      0x379 build/third_party/libwinter/wntr_deque.o
 .debug_info    0x00000000000157ce      0x7a9 build/third_party/libwinter/wntr_midi_core.o
 .debug_info    0x0000000000015f77      0x820 build/third_party/libwinter/wntr_ticks.o
 .debug_info    0x0000000000016797      0x93f build/third_party/libwinter/samd/wntr_gpio.o
 .debug_info    0x00000000000170d6      0x10b build/third_party/libwinter/samd/wntr_delay.o
 .debug_info    0x00000000000171e1       0xcb build/third_party/libwinter/samd/wntr_serial_number.o
 .debug_info    0x00000000000172ac      0xecd build/third_party/libwinter/samd/wntr_hardfault.o
 .debug_info    0x0000000000018179      0xc55 build/third_party/samd51a/gcc/startup_samd51.o
 .debug_info    0x0000000000018dce     0x1b51 build/third_party/printf/printf.o
 .debug_info    0x000000000001a91f     0x19e7 build/third_party/rtt/SEGGER_RTT.o
 .debug_info    0x000000000001c306      0x176 build/third_party/tinyusb/src/tusb.o
 .debug_info    0x000000000001c47c     0x1459 build/third_party/tinyusb/src/class/midi/midi_device.o
 .debug_info    0x000000000001d8d5      0xa81 build/third_party/tinyusb/src/common/tusb_fifo.o
 .debug_info    0x000000000001e356     0x2fc4 build/third_party/tinyusb/src/device/usbd.o
 .debug_info    0x000000000002131a      0x894 build/third_party/tinyusb/src/device/usbd_control.o
 .debug_info    0x0000000000021bae     0x3398 build/third_party/tinyusb/src/portable/microchip/samd/dcd_samd.o

.debug_abbrev   0x0000000000000000     0x4913
 .debug_abbrev  0x0000000000000000      0x28c build/src/main.o
 .debug_abbrev  0x000000000000028c      0x1a8 build/src/stel_usb_descriptors.o
 .debug_abbrev  0x0000000000000434      0x26a build/src/drivers/stel_adc.o
 .debug_abbrev  0x000000000000069e      0x1fd build/src/drivers/stel_dac.o
 .debug_abbrev  0x000000000000089b      0x14b build/src/drivers/stel_dotstar.o
 .debug_abbrev  0x00000000000009e6      0x2a5 build/src/drivers/stel_ad5685.o
 .debug_abbrev  0x0000000000000c8b      0x17f build/src/hw/system_samd51.o
 .debug_abbrev  0x0000000000000e0a      0x26b build/src/hw/stel_sercom_spi.o
 .debug_abbrev  0x0000000000001075      0x18d build/src/hw/stel_clocks.o
 .debug_abbrev  0x0000000000001202      0x262 build/src/hw/stel_usb.o
 .debug_abbrev  0x0000000000001464      0x19d build/src/hw/stel_sercom.o
 .debug_abbrev  0x0000000000001601      0x1d0 build/src/lib/stel_syscalls.o
 .debug_abbrev  0x00000000000017d1      0x210 build/src/currents/currents.o
 .debug_abbrev  0x00000000000019e1      0x107 build/src/flow/generated_flow.o
 .debug_abbrev  0x0000000000001ae8      0x113 build/src/flow/flow_io.o
 .debug_abbrev  0x0000000000001bfb      0x1d9 build/src/flow/flow_runner.o
 .debug_abbrev  0x0000000000001dd4      0x269 build/src/flow/flow_nodes.o
 .debug_abbrev  0x000000000000203d      0x1e3 build/third_party/libwinter/wntr_bitbang_spi.o
 .debug_abbrev  0x0000000000002220       0x91 build/third_party/libwinter/wntr_colorspace.o
 .debug_abbrev  0x00000000000022b1      0x199 build/third_party/libwinter/wntr_deque.o
 .debug_abbrev  0x000000000000244a      0x265 build/third_party/libwinter/wntr_midi_core.o
 .debug_abbrev  0x00000000000026af      0x1de build/third_party/libwinter/wntr_ticks.o
 .debug_abbrev  0x000000000000288d      0x1d9 build/third_party/libwinter/samd/wntr_gpio.o
 .debug_abbrev  0x0000000000002a66       0xba build/third_party/libwinter/samd/wntr_delay.o
 .debug_abbrev  0x0000000000002b20       0x72 build/third_party/libwinter/samd/wntr_serial_number.o
 .debug_abbrev  0x0000000000002b92      0x220 build/third_party/libwinter/samd/wntr_hardfault.o
 .debug_abbrev  0x0000000000002db2      0x194 build/third_party/samd51a/gcc/startup_samd51.o
 .debug_abbrev  0x0000000000002f46      0x39a build/third_party/printf/printf.o
 .debug_abbrev  0x00000000000032e0      0x241 build/third_party/rtt/SEGGER_RTT.o
 .debug_abbrev  0x0000000000003521       0xed build/third_party/tinyusb/src/tusb.o
 .debug_abbrev  0x000000000000360e      0x406 build/third_party/tinyusb/src/class/midi/midi_device.o
 .debug_abbrev  0x0000000000003a14      0x26a build/third_party/tinyusb/src/common/tusb_fifo.o
 .debug_abbrev  0x0000000000003c7e      0x506 build/third_party/tinyusb/src/device/usbd.o
 .debug_abbrev  0x0000000000004184      0x337 build/third_party/tinyusb/src/device/usbd_control.o
 .debug_abbrev  0x00000000000044bb      0x458 build/third_party/tinyusb/src/portable/microchip/samd/dcd_samd.o

.debug_loc      0x0000000000000000     0xb20b
 .debug_loc     0x0000000000000000      0x654 build/src/main.o
 .debug_loc     0x0000000000000654      0x1da build/src/stel_usb_descriptors.o
 .debug_loc     0x000000000000082e       0xde build/src/drivers/stel_adc.o
 .debug_loc     0x000000000000090c      0x148 build/src/drivers/stel_dotstar.o
 .debug_loc     0x0000000000000a54      0x244 build/src/drivers/stel_ad5685.o
 .debug_loc     0x0000000000000c98       0xe0 build/src/hw/stel_sercom_spi.o
 .debug_loc     0x0000000000000d78       0xb4 build/src/hw/stel_usb.o
 .debug_loc     0x0000000000000e2c      0x1ef build/src/hw/stel_sercom.o
 .debug_loc     0x000000000000101b      0x18e build/src/lib/stel_syscalls.o
 .debug_loc     0x00000000000011a9      0x206 build/src/currents/currents.o
 .debug_loc     0x00000000000013af       0x57 build/src/flow/generated_flow.o
 .debug_loc     0x0000000000001406       0x7b build/src/flow/flow_runner.o
 .debug_loc     0x0000000000001481      0x7e5 build/src/flow/flow_nodes.o
 .debug_loc     0x0000000000001c66      0x390 build/third_party/libwinter/wntr_bitbang_spi.o
 .debug_loc     0x0000000000001ff6      0x1a4 build/third_party/libwinter/wntr_colorspace.o
 .debug_loc     0x000000000000219a      0x265 build/third_party/libwinter/wntr_deque.o
 .debug_loc     0x00000000000023ff      0x3f1 build/third_party/libwinter/wntr_midi_core.o
 .debug_loc     0x00000000000027f0       0x63 build/third_party/libwinter/wntr_ticks.o
 .debug_loc     0x0000000000002853      0x15a build/third_party/libwinter/samd/wntr_gpio.o
 .debug_loc     0x00000000000029ad       0x5f build/third_party/libwinter/samd/wntr_delay.o
 .debug_loc     0x0000000000002a0c       0x8b build/third_party/samd51a/gcc/startup_samd51.o
 .debug_loc     0x0000000000002a97     0x1e98 build/third_party/printf/printf.o
 .debug_loc     0x000000000000492f     0x20ff build/third_party/rtt/SEGGER_RTT.o
 .debug_loc     0x0000000000006a2e     0x11dc build/third_party/tinyusb/src/class/midi/midi_device.o
 .debug_loc     0x0000000000007c0a      0xa36 build/third_party/tinyusb/src/common/tusb_fifo.o
 .debug_loc     0x0000000000008640     0x1f1a build/third_party/tinyusb/src/device/usbd.o
 .debug_loc     0x000000000000a55a      0x603 build/third_party/tinyusb/src/device/usbd_control.o
 .debug_loc     0x000000000000ab5d      0x6ae build/third_party/tinyusb/src/portable/microchip/samd/dcd_samd.o

.debug_aranges  0x0000000000000000      0xab8
 .debug_aranges
                0x0000000000000000       0x30 build/src/main.o
 .debug_aranges
                0x0000000000000030       0x30 build/src/stel_usb_descriptors.o
 .debug_aranges
                0x0000000000000060       0x38 build/src/drivers/stel_adc.o
 .debug_aranges
                0x0000000000000098       0x28 build/src/drivers/stel_dac.o
 .debug_aranges
                0x00000000000000c0       0x38 build/src/drivers/stel_dotstar.o
 .debug_aranges
                0x00000000000000f8       0x40 build/src/drivers/stel_ad5685.o
 .debug_aranges
                0x0000000000000138       0x28 build/src/hw/system_samd51.o
 .debug_aranges
                0x0000000000000160       0x28 build/src/hw/stel_sercom_spi.o
 .debug_aranges
                0x0000000000000188       0x40 build/src/hw/stel_clocks.o
 .debug_aranges
                0x00000000000001c8       0x48 build/src/hw/stel_usb.o
 .debug_aranges
                0x0000000000000210       0x20 build/src/hw/stel_sercom.o
 .debug_aranges
                0x0000000000000230       0x78 build/src/lib/stel_syscalls.o
 .debug_aranges
                0x00000000000002a8       0x40 build/src/currents/currents.o
 .debug_aranges
                0x00000000000002e8       0x20 build/src/flow/generated_flow.o
 .debug_aranges
                0x0000000000000308       0x18 build/src/flow/flow_io.o
 .debug_aranges
                0x0000000000000320       0x28 build/src/flow/flow_runner.o
 .debug_aranges
                0x0000000000000348       0x98 build/src/flow/flow_nodes.o
 .debug_aranges
                0x00000000000003e0       0x40 build/third_party/libwinter/wntr_bitbang_spi.o
 .debug_aranges
                0x0000000000000420       0x20 build/third_party/libwinter/wntr_colorspace.o
 .debug_aranges
                0x0000000000000440       0x50 build/third_party/libwinter/wntr_deque.o
 .debug_aranges
                0x0000000000000490       0x60 build/third_party/libwinter/wntr_midi_core.o
 .debug_aranges
                0x00000000000004f0       0x30 build/third_party/libwinter/wntr_ticks.o
 .debug_aranges
                0x0000000000000520       0x40 build/third_party/libwinter/samd/wntr_gpio.o
 .debug_aranges
                0x0000000000000560       0x28 build/third_party/libwinter/samd/wntr_delay.o
 .debug_aranges
                0x0000000000000588       0x20 build/third_party/libwinter/samd/wntr_serial_number.o
 .debug_aranges
                0x00000000000005a8       0x20 build/third_party/libwinter/samd/wntr_hardfault.o
 .debug_aranges
                0x00000000000005c8       0x28 build/third_party/samd51a/gcc/startup_samd51.o
 .debug_aranges
                0x00000000000005f0       0xa8 build/third_party/printf/printf.o
 .debug_aranges
                0x0000000000000698      0x138 build/third_party/rtt/SEGGER_RTT.o
 .debug_aranges
                0x00000000000007d0       0x28 build/third_party/tinyusb/src/tusb.o
 .debug_aranges
                0x00000000000007f8       0x90 build/third_party/tinyusb/src/class/midi/midi_device.o
 .debug_aranges
                0x0000000000000888       0x50 build/third_party/tinyusb/src/common/tusb_fifo.o
 .debug_aranges
                0x00000000000008d8      0x100 build/third_party/tinyusb/src/device/usbd.o
 .debug_aranges
                0x00000000000009d8       0x50 build/third_party/tinyusb/src/device/usbd_control.o
 .debug_aranges
                0x0000000000000a28       0x90 build/third_party/tinyusb/src/portable/microchip/samd/dcd_samd.o

.debug_ranges   0x0000000000000000      0xfc8
 .debug_ranges  0x0000000000000000       0x20 build/src/main.o
 .debug_ranges  0x0000000000000020       0x50 build/src/stel_usb_descriptors.o
 .debug_ranges  0x0000000000000070       0x28 build/src/drivers/stel_adc.o
 .debug_ranges  0x0000000000000098       0x18 build/src/drivers/stel_dac.o
 .debug_ranges  0x00000000000000b0       0x58 build/src/drivers/stel_dotstar.o
 .debug_ranges  0x0000000000000108       0x30 build/src/drivers/stel_ad5685.o
 .debug_ranges  0x0000000000000138       0x18 build/src/hw/system_samd51.o
 .debug_ranges  0x0000000000000150       0x18 build/src/hw/stel_sercom_spi.o
 .debug_ranges  0x0000000000000168       0x30 build/src/hw/stel_clocks.o
 .debug_ranges  0x0000000000000198       0x38 build/src/hw/stel_usb.o
 .debug_ranges  0x00000000000001d0       0x10 build/src/hw/stel_sercom.o
 .debug_ranges  0x00000000000001e0       0x68 build/src/lib/stel_syscalls.o
 .debug_ranges  0x0000000000000248       0x30 build/src/currents/currents.o
 .debug_ranges  0x0000000000000278       0x10 build/src/flow/generated_flow.o
 .debug_ranges  0x0000000000000288       0x18 build/src/flow/flow_runner.o
 .debug_ranges  0x00000000000002a0       0x88 build/src/flow/flow_nodes.o
 .debug_ranges  0x0000000000000328       0x80 build/third_party/libwinter/wntr_bitbang_spi.o
 .debug_ranges  0x00000000000003a8       0x10 build/third_party/libwinter/wntr_colorspace.o
 .debug_ranges  0x00000000000003b8       0x40 build/third_party/libwinter/wntr_deque.o
 .debug_ranges  0x00000000000003f8       0x98 build/third_party/libwinter/wntr_midi_core.o
 .debug_ranges  0x0000000000000490       0x20 build/third_party/libwinter/wntr_ticks.o
 .debug_ranges  0x00000000000004b0       0x30 build/third_party/libwinter/samd/wntr_gpio.o
 .debug_ranges  0x00000000000004e0       0x18 build/third_party/libwinter/samd/wntr_delay.o
 .debug_ranges  0x00000000000004f8       0x10 build/third_party/libwinter/samd/wntr_serial_number.o
 .debug_ranges  0x0000000000000508       0x10 build/third_party/libwinter/samd/wntr_hardfault.o
 .debug_ranges  0x0000000000000518       0x18 build/third_party/samd51a/gcc/startup_samd51.o
 .debug_ranges  0x0000000000000530      0x150 build/third_party/printf/printf.o
 .debug_ranges  0x0000000000000680      0x1c8 build/third_party/rtt/SEGGER_RTT.o
 .debug_ranges  0x0000000000000848       0x18 build/third_party/tinyusb/src/tusb.o
 .debug_ranges  0x0000000000000860      0x148 build/third_party/tinyusb/src/class/midi/midi_device.o
 .debug_ranges  0x00000000000009a8       0xe8 build/third_party/tinyusb/src/common/tusb_fifo.o
 .debug_ranges  0x0000000000000a90      0x430 build/third_party/tinyusb/src/device/usbd.o
 .debug_ranges  0x0000000000000ec0       0x70 build/third_party/tinyusb/src/device/usbd_control.o
 .debug_ranges  0x0000000000000f30       0x98 build/third_party/tinyusb/src/portable/microchip/samd/dcd_samd.o

.debug_macro    0x0000000000000000    0x273de
 .debug_macro   0x0000000000000000      0x721 build/src/main.o
 .debug_macro   0x0000000000000721      0xa84 build/src/main.o
 .debug_macro   0x00000000000011a5       0x22 build/src/main.o
 .debug_macro   0x00000000000011c7      0x174 build/src/main.o
 .debug_macro   0x000000000000133b       0x22 build/src/main.o
 .debug_macro   0x000000000000135d       0x8e build/src/main.o
 .debug_macro   0x00000000000013eb       0x51 build/src/main.o
 .debug_macro   0x000000000000143c      0x103 build/src/main.o
 .debug_macro   0x000000000000153f       0x6a build/src/main.o
 .debug_macro   0x00000000000015a9      0x1df build/src/main.o
 .debug_macro   0x0000000000001788       0x52 build/src/main.o
 .debug_macro   0x00000000000017da       0x18 build/src/main.o
 .debug_macro   0x00000000000017f2       0x3c build/src/main.o
 .debug_macro   0x000000000000182e       0x34 build/src/main.o
 .debug_macro   0x0000000000001862       0x16 build/src/main.o
 .debug_macro   0x0000000000001878       0x35 build/src/main.o
 .debug_macro   0x00000000000018ad      0x333 build/src/main.o
 .debug_macro   0x0000000000001be0       0x10 build/src/main.o
 .debug_macro   0x0000000000001bf0       0x16 build/src/main.o
 .debug_macro   0x0000000000001c06       0x43 build/src/main.o
 .debug_macro   0x0000000000001c49       0x34 build/src/main.o
 .debug_macro   0x0000000000001c7d       0x10 build/src/main.o
 .debug_macro   0x0000000000001c8d       0x58 build/src/main.o
 .debug_macro   0x0000000000001ce5       0x71 build/src/main.o
 .debug_macro   0x0000000000001d56       0x1c build/src/main.o
 .debug_macro   0x0000000000001d72      0x12a build/src/main.o
 .debug_macro   0x0000000000001e9c       0x10 build/src/main.o
 .debug_macro   0x0000000000001eac       0x1c build/src/main.o
 .debug_macro   0x0000000000001ec8       0x52 build/src/main.o
 .debug_macro   0x0000000000001f1a       0x22 build/src/main.o
 .debug_macro   0x0000000000001f3c       0x10 build/src/main.o
 .debug_macro   0x0000000000001f4c       0x40 build/src/main.o
 .debug_macro   0x0000000000001f8c       0xd5 build/src/main.o
 .debug_macro   0x0000000000002061       0x1c build/src/main.o
 .debug_macro   0x000000000000207d       0x3d build/src/main.o
 .debug_macro   0x00000000000020ba       0x16 build/src/main.o
 .debug_macro   0x00000000000020d0      0x145 build/src/main.o
 .debug_macro   0x0000000000002215       0x1c build/src/main.o
 .debug_macro   0x0000000000002231       0x10 build/src/main.o
 .debug_macro   0x0000000000002241       0x4c build/src/main.o
 .debug_macro   0x000000000000228d       0x22 build/src/main.o
 .debug_macro   0x00000000000022af       0x54 build/src/main.o
 .debug_macro   0x0000000000002303       0x1c build/src/main.o
 .debug_macro   0x000000000000231f       0x22 build/src/main.o
 .debug_macro   0x0000000000002341       0xfb build/src/main.o
 .debug_macro   0x000000000000243c     0x1011 build/src/main.o
 .debug_macro   0x000000000000344d      0x11f build/src/main.o
 .debug_macro   0x000000000000356c      0x706 build/src/main.o
 .debug_macro   0x0000000000003c72      0xb5b build/src/main.o
 .debug_macro   0x00000000000047cd      0x3c0 build/src/main.o
 .debug_macro   0x0000000000004b8d      0x336 build/src/main.o
 .debug_macro   0x0000000000004ec3      0x3b7 build/src/main.o
 .debug_macro   0x000000000000527a      0x668 build/src/main.o
 .debug_macro   0x00000000000058e2     0x143f build/src/main.o
 .debug_macro   0x0000000000006d21      0x651 build/src/main.o
 .debug_macro   0x0000000000007372      0x67b build/src/main.o
 .debug_macro   0x00000000000079ed      0x6d7 build/src/main.o
 .debug_macro   0x00000000000080c4      0x172 build/src/main.o
 .debug_macro   0x0000000000008236      0x395 build/src/main.o
 .debug_macro   0x00000000000085cb       0x3a build/src/main.o
 .debug_macro   0x0000000000008605      0x72a build/src/main.o
 .debug_macro   0x0000000000008d2f      0xb12 build/src/main.o
 .debug_macro   0x0000000000009841      0x59f build/src/main.o
 .debug_macro   0x0000000000009de0      0xbc0 build/src/main.o
 .debug_macro   0x000000000000a9a0      0x9b9 build/src/main.o
 .debug_macro   0x000000000000b359      0x2a3 build/src/main.o
 .debug_macro   0x000000000000b5fc      0x877 build/src/main.o
 .debug_macro   0x000000000000be73      0x1ea build/src/main.o
 .debug_macro   0x000000000000c05d      0x8f4 build/src/main.o
 .debug_macro   0x000000000000c951      0x216 build/src/main.o
 .debug_macro   0x000000000000cb67      0x3f9 build/src/main.o
 .debug_macro   0x000000000000cf60      0x620 build/src/main.o
 .debug_macro   0x000000000000d580      0x10d build/src/main.o
 .debug_macro   0x000000000000d68d       0xb8 build/src/main.o
 .debug_macro   0x000000000000d745     0x1df7 build/src/main.o
 .debug_macro   0x000000000000f53c     0x2e69 build/src/main.o
 .debug_macro   0x00000000000123a5     0x11ed build/src/main.o
 .debug_macro   0x0000000000013592      0x50e build/src/main.o
 .debug_macro   0x0000000000013aa0      0x930 build/src/main.o
 .debug_macro   0x00000000000143d0     0x1ad8 build/src/main.o
 .debug_macro   0x0000000000015ea8       0xe7 build/src/main.o
 .debug_macro   0x0000000000015f8f     0x13e6 build/src/main.o
 .debug_macro   0x0000000000017375      0x36a build/src/main.o
 .debug_macro   0x00000000000176df       0x94 build/src/main.o
 .debug_macro   0x0000000000017773       0xdc build/src/main.o
 .debug_macro   0x000000000001784f       0xe2 build/src/main.o
 .debug_macro   0x0000000000017931       0xdc build/src/main.o
 .debug_macro   0x0000000000017a0d       0x46 build/src/main.o
 .debug_macro   0x0000000000017a53       0x4c build/src/main.o
 .debug_macro   0x0000000000017a9f       0xc4 build/src/main.o
 .debug_macro   0x0000000000017b63      0x7d5 build/src/main.o
 .debug_macro   0x0000000000018338       0xb8 build/src/main.o
 .debug_macro   0x00000000000183f0       0x7c build/src/main.o
 .debug_macro   0x000000000001846c      0xc19 build/src/main.o
 .debug_macro   0x0000000000019085       0x46 build/src/main.o
 .debug_macro   0x00000000000190cb      0x25b build/src/main.o
 .debug_macro   0x0000000000019326      0x170 build/src/main.o
 .debug_macro   0x0000000000019496       0x7c build/src/main.o
 .debug_macro   0x0000000000019512       0xbe build/src/main.o
 .debug_macro   0x00000000000195d0       0x4c build/src/main.o
 .debug_macro   0x000000000001961c       0x82 build/src/main.o
 .debug_macro   0x000000000001969e      0x1a3 build/src/main.o
 .debug_macro   0x0000000000019841       0x46 build/src/main.o
 .debug_macro   0x0000000000019887       0x6a build/src/main.o
 .debug_macro   0x00000000000198f1       0x46 build/src/main.o
 .debug_macro   0x0000000000019937       0x88 build/src/main.o
 .debug_macro   0x00000000000199bf       0x46 build/src/main.o
 .debug_macro   0x0000000000019a05      0x24e build/src/main.o
 .debug_macro   0x0000000000019c53       0x1c build/src/main.o
 .debug_macro   0x0000000000019c6f       0x76 build/src/main.o
 .debug_macro   0x0000000000019ce5       0x3a build/src/main.o
 .debug_macro   0x0000000000019d1f       0x2e build/src/main.o
 .debug_macro   0x0000000000019d4d      0x196 build/src/main.o
 .debug_macro   0x0000000000019ee3      0x16f build/src/main.o
 .debug_macro   0x000000000001a052      0x25d build/src/main.o
 .debug_macro   0x000000000001a2af      0x25d build/src/main.o
 .debug_macro   0x000000000001a50c      0x25d build/src/main.o
 .debug_macro   0x000000000001a769      0x25d build/src/main.o
 .debug_macro   0x000000000001a9c6      0x25d build/src/main.o
 .debug_macro   0x000000000001ac23      0x25d build/src/main.o
 .debug_macro   0x000000000001ae80       0x52 build/src/main.o
 .debug_macro   0x000000000001aed2       0xfa build/src/main.o
 .debug_macro   0x000000000001afcc       0xfa build/src/main.o
 .debug_macro   0x000000000001b0c6       0xfa build/src/main.o
 .debug_macro   0x000000000001b1c0       0xfa build/src/main.o
 .debug_macro   0x000000000001b2ba       0xfa build/src/main.o
 .debug_macro   0x000000000001b3b4       0xfa build/src/main.o
 .debug_macro   0x000000000001b4ae      0x148 build/src/main.o
 .debug_macro   0x000000000001b5f6      0x124 build/src/main.o
 .debug_macro   0x000000000001b71a      0x106 build/src/main.o
 .debug_macro   0x000000000001b820       0xee build/src/main.o
 .debug_macro   0x000000000001b90e       0xee build/src/main.o
 .debug_macro   0x000000000001b9fc       0x2e build/src/main.o
 .debug_macro   0x000000000001ba2a      0x46a build/src/main.o
 .debug_macro   0x000000000001be94       0x3a build/src/main.o
 .debug_macro   0x000000000001bece      0x513 build/src/main.o
 .debug_macro   0x000000000001c3e1     0x30ab build/src/main.o
 .debug_macro   0x000000000001f48c       0xcf build/src/main.o
 .debug_macro   0x000000000001f55b       0xca build/src/main.o
 .debug_macro   0x000000000001f625      0x1a9 build/src/main.o
 .debug_macro   0x000000000001f7ce       0x16 build/src/main.o
 .debug_macro   0x000000000001f7e4       0x16 build/src/main.o
 .debug_macro   0x000000000001f7fa       0x29 build/src/main.o
 .debug_macro   0x000000000001f823       0x16 build/src/main.o
 .debug_macro   0x000000000001f839      0x2e0 build/src/stel_usb_descriptors.o
 .debug_macro   0x000000000001fb19       0x58 build/src/stel_usb_descriptors.o
 .debug_macro   0x000000000001fb71       0x5e build/src/stel_usb_descriptors.o
 .debug_macro   0x000000000001fbcf       0x10 build/src/stel_usb_descriptors.o
 .debug_macro   0x000000000001fbdf       0x1c build/src/stel_usb_descriptors.o
 .debug_macro   0x000000000001fbfb      0x11e build/src/stel_usb_descriptors.o
 .debug_macro   0x000000000001fd19       0x58 build/src/stel_usb_descriptors.o
 .debug_macro   0x000000000001fd71       0x82 build/src/stel_usb_descriptors.o
 .debug_macro   0x000000000001fdf3       0xb9 build/src/stel_usb_descriptors.o
 .debug_macro   0x000000000001feac       0x8d build/src/stel_usb_descriptors.o
 .debug_macro   0x000000000001ff39       0x1c build/src/stel_usb_descriptors.o
 .debug_macro   0x000000000001ff55       0x11 build/src/stel_usb_descriptors.o
 .debug_macro   0x000000000001ff66       0x9c build/src/stel_usb_descriptors.o
 .debug_macro   0x0000000000020002       0x1c build/src/stel_usb_descriptors.o
 .debug_macro   0x000000000002001e       0x16 build/src/stel_usb_descriptors.o
 .debug_macro   0x0000000000020034      0x20f build/src/stel_usb_descriptors.o
 .debug_macro   0x0000000000020243       0x17 build/src/stel_usb_descriptors.o
 .debug_macro   0x000000000002025a      0x4e3 build/src/drivers/stel_adc.o
 .debug_macro   0x000000000002073d       0x4e build/src/drivers/stel_adc.o
 .debug_macro   0x000000000002078b       0x10 build/src/drivers/stel_adc.o
 .debug_macro   0x000000000002079b      0x468 build/src/drivers/stel_dac.o
 .debug_macro   0x0000000000020c03      0x47f build/src/drivers/stel_dotstar.o
 .debug_macro   0x0000000000021082      0x4b3 build/src/drivers/stel_ad5685.o
 .debug_macro   0x0000000000021535      0x454 build/src/hw/system_samd51.o
 .debug_macro   0x0000000000021989      0x485 build/src/hw/stel_sercom_spi.o
 .debug_macro   0x0000000000021e0e      0x452 build/src/hw/stel_clocks.o
 .debug_macro   0x0000000000022260      0x6d4 build/src/hw/stel_usb.o
 .debug_macro   0x0000000000022934       0x22 build/src/hw/stel_usb.o
 .debug_macro   0x0000000000022956      0x45b build/src/hw/stel_sercom.o
 .debug_macro   0x0000000000022db1      0x228 build/src/lib/stel_syscalls.o
 .debug_macro   0x0000000000022fd9       0x48 build/src/lib/stel_syscalls.o
 .debug_macro   0x0000000000023021       0x23 build/src/lib/stel_syscalls.o
 .debug_macro   0x0000000000023044       0x4c build/src/lib/stel_syscalls.o
 .debug_macro   0x0000000000023090       0x94 build/src/lib/stel_syscalls.o
 .debug_macro   0x0000000000023124      0x10e build/src/lib/stel_syscalls.o
 .debug_macro   0x0000000000023232       0x8d build/src/lib/stel_syscalls.o
 .debug_macro   0x00000000000232bf       0x57 build/src/lib/stel_syscalls.o
 .debug_macro   0x0000000000023316      0x123 build/src/lib/stel_syscalls.o
 .debug_macro   0x0000000000023439       0x16 build/src/lib/stel_syscalls.o
 .debug_macro   0x000000000002344f       0x10 build/src/lib/stel_syscalls.o
 .debug_macro   0x000000000002345f       0x10 build/src/lib/stel_syscalls.o
 .debug_macro   0x000000000002346f       0x35 build/src/lib/stel_syscalls.o
 .debug_macro   0x00000000000234a4      0x12c build/src/lib/stel_syscalls.o
 .debug_macro   0x00000000000235d0      0x1e5 build/src/currents/currents.o
 .debug_macro   0x00000000000237b5      0x1ed build/src/flow/generated_flow.o
 .debug_macro   0x00000000000239a2      0x20a build/src/flow/flow_io.o
 .debug_macro   0x0000000000023bac      0x21c build/src/flow/flow_runner.o
 .debug_macro   0x0000000000023dc8      0x210 build/src/flow/flow_nodes.o
 .debug_macro   0x0000000000023fd8      0x479 build/third_party/libwinter/wntr_bitbang_spi.o
 .debug_macro   0x0000000000024451       0x67 build/third_party/libwinter/wntr_colorspace.o
 .debug_macro   0x00000000000244b8      0x142 build/third_party/libwinter/wntr_deque.o
 .debug_macro   0x00000000000245fa      0x2ba build/third_party/libwinter/wntr_midi_core.o
 .debug_macro   0x00000000000248b4      0x450 build/third_party/libwinter/wntr_ticks.o
 .debug_macro   0x0000000000024d04      0x46a build/third_party/libwinter/samd/wntr_gpio.o
 .debug_macro   0x000000000002516e       0x6d build/third_party/libwinter/samd/wntr_delay.o
 .debug_macro   0x00000000000251db       0x85 build/third_party/libwinter/samd/wntr_serial_number.o
 .debug_macro   0x0000000000025260      0x44e build/third_party/libwinter/samd/wntr_hardfault.o
 .debug_macro   0x00000000000256ae      0x44e build/third_party/samd51a/gcc/startup_samd51.o
 .debug_macro   0x0000000000025afc      0x10e build/third_party/printf/printf.o
 .debug_macro   0x0000000000025c0a      0x201 build/third_party/printf/printf.o
 .debug_macro   0x0000000000025e0b      0x1b5 build/third_party/rtt/SEGGER_RTT.o
 .debug_macro   0x0000000000025fc0      0x2cf build/third_party/tinyusb/src/tusb.o
 .debug_macro   0x000000000002628f      0x2b1 build/third_party/tinyusb/src/class/midi/midi_device.o
 .debug_macro   0x0000000000026540      0x285 build/third_party/tinyusb/src/common/tusb_fifo.o
 .debug_macro   0x00000000000267c5      0x2ec build/third_party/tinyusb/src/device/usbd.o
 .debug_macro   0x0000000000026ab1      0x2d5 build/third_party/tinyusb/src/device/usbd_control.o
 .debug_macro   0x0000000000026d86      0x658 build/third_party/tinyusb/src/portable/microchip/samd/dcd_samd.o

.debug_line     0x0000000000000000    0x13328
 .debug_line    0x0000000000000000      0xc4c build/src/main.o
 .debug_line    0x0000000000000c4c      0x670 build/src/stel_usb_descriptors.o
 .debug_line    0x00000000000012bc      0xb28 build/src/drivers/stel_adc.o
 .debug_line    0x0000000000001de4      0x83b build/src/drivers/stel_dac.o
 .debug_line    0x000000000000261f      0x7e2 build/src/drivers/stel_dotstar.o
 .debug_line    0x0000000000002e01      0x876 build/src/drivers/stel_ad5685.o
 .debug_line    0x0000000000003677      0x665 build/src/hw/system_samd51.o
 .debug_line    0x0000000000003cdc      0x970 build/src/hw/stel_sercom_spi.o
 .debug_line    0x000000000000464c      0x959 build/src/hw/stel_clocks.o
 .debug_line    0x0000000000004fa5      0xb77 build/src/hw/stel_usb.o
 .debug_line    0x0000000000005b1c      0x6f7 build/src/hw/stel_sercom.o
 .debug_line    0x0000000000006213      0x4eb build/src/lib/stel_syscalls.o
 .debug_line    0x00000000000066fe      0x50e build/src/currents/currents.o
 .debug_line    0x0000000000006c0c      0x49c build/src/flow/generated_flow.o
 .debug_line    0x00000000000070a8      0x37f build/src/flow/flow_io.o
 .debug_line    0x0000000000007427      0x45a build/src/flow/flow_runner.o
 .debug_line    0x0000000000007881      0x688 build/src/flow/flow_nodes.o
 .debug_line    0x0000000000007f09      0x921 build/third_party/libwinter/wntr_bitbang_spi.o
 .debug_line    0x000000000000882a      0x293 build/third_party/libwinter/wntr_colorspace.o
 .debug_line    0x0000000000008abd      0x489 build/third_party/libwinter/wntr_deque.o
 .debug_line    0x0000000000008f46      0x8a3 build/third_party/libwinter/wntr_midi_core.o
 .debug_line    0x00000000000097e9      0x6d5 build/third_party/libwinter/wntr_ticks.o
 .debug_line    0x0000000000009ebe      0x750 build/third_party/libwinter/samd/wntr_gpio.o
 .debug_line    0x000000000000a60e      0x1f7 build/third_party/libwinter/samd/wntr_delay.o
 .debug_line    0x000000000000a805      0x274 build/third_party/libwinter/samd/wntr_serial_number.o
 .debug_line    0x000000000000aa79      0x6a1 build/third_party/libwinter/samd/wntr_hardfault.o
 .debug_line    0x000000000000b11a      0x6ef build/third_party/samd51a/gcc/startup_samd51.o
 .debug_line    0x000000000000b809     0x120a build/third_party/printf/printf.o
 .debug_line    0x000000000000ca13     0x140d build/third_party/rtt/SEGGER_RTT.o
 .debug_line    0x000000000000de20      0x538 build/third_party/tinyusb/src/tusb.o
 .debug_line    0x000000000000e358      0xed0 build/third_party/tinyusb/src/class/midi/midi_device.o
 .debug_line    0x000000000000f228      0x963 build/third_party/tinyusb/src/common/tusb_fifo.o
 .debug_line    0x000000000000fb8b     0x1e07 build/third_party/tinyusb/src/device/usbd.o
 .debug_line    0x0000000000011992      0x8d7 build/third_party/tinyusb/src/device/usbd_control.o
 .debug_line    0x0000000000012269     0x10bf build/third_party/tinyusb/src/portable/microchip/samd/dcd_samd.o

.debug_str      0x0000000000000000    0xd98f6
 .debug_str     0x0000000000000000    0xcc174 build/src/main.o
                                      0xcc6cf (size before relaxing)
 .debug_str     0x00000000000cc174     0x59c5 build/src/stel_usb_descriptors.o
                                       0xd80b (size before relaxing)
 .debug_str     0x00000000000d1b39      0x543 build/src/drivers/stel_adc.o
                                      0xc820c (size before relaxing)
 .debug_str     0x00000000000d207c      0x1f3 build/src/drivers/stel_dac.o
                                      0xc78df (size before relaxing)
 .debug_str     0x00000000000d226f       0xe4 build/src/drivers/stel_dotstar.o